// Vitest Snapshot v1, https://vitest.dev/guide/snapshot.html

exports[`AdminStack > snapshot 1`] = `
{
  "Mappings": {
    "AWSCloudFrontPartitionHostedZoneIdMap": {
      "aws": {
        "zoneId": "Z2FDTNDATAQYW2",
      },
      "aws-cn": {
        "zoneId": "Z3RFFRIM2A3IF5",
      },
    },
  },
  "Parameters": {
    "BootstrapVersion": {
      "Default": "/cdk-bootstrap/hnb659fds/version",
      "Description": "Version of the CDK Bootstrap resources in this environment, automatically retrieved from SSM Parameter Store. [cdk:skip]",
      "Type": "AWS::SSM::Parameter::Value<String>",
    },
    "SsmParameterValuetesthostedzoneidC96584B6F00A464EAD1953AFF4B05118Parameter": {
      "Default": "/test/hosted-zone-id",
      "Type": "AWS::SSM::Parameter::Value<String>",
    },
    "SsmParameterValuetesttidbproxyproxysgidC96584B6F00A464EAD1953AFF4B05118Parameter": {
      "Default": "/test/tidb-proxy/proxy/sg-id",
      "Type": "AWS::SSM::Parameter::Value<String>",
    },
    "SsmParameterValuetesttidbproxyvpcidC96584B6F00A464EAD1953AFF4B05118Parameter": {
      "Default": "/test/tidb-proxy/vpc/id",
      "Type": "AWS::SSM::Parameter::Value<String>",
    },
    "SsmParameterValuetesttidbproxyvpcprivatesubnetid1C96584B6F00A464EAD1953AFF4B05118Parameter": {
      "Default": "/test/tidb-proxy/vpc/private-subnet-id-1",
      "Type": "AWS::SSM::Parameter::Value<String>",
    },
  },
  "Resources": {
    "AWS679f53fac002430cb0da5b7982bd22872D164C4C": {
      "DependsOn": [
        "AWS679f53fac002430cb0da5b7982bd2287ServiceRoleC1EA0FF2",
      ],
      "Properties": {
        "Code": {
          "S3Bucket": "cdk-hnb659fds-assets-123456789012-ap-northeast-1",
          "S3Key": "9b8fce7ae7f25ef82fdbaf6b72523b99d0875c0c9c826642819fb51f11d9b125.zip",
        },
        "Handler": "index.handler",
        "Role": {
          "Fn::GetAtt": [
            "AWS679f53fac002430cb0da5b7982bd2287ServiceRoleC1EA0FF2",
            "Arn",
          ],
        },
        "Runtime": "nodejs24.x",
        "Timeout": 120,
      },
      "Type": "AWS::Lambda::Function",
    },
    "AWS679f53fac002430cb0da5b7982bd2287ServiceRoleC1EA0FF2": {
      "Properties": {
        "AssumeRolePolicyDocument": {
          "Statement": [
            {
              "Action": "sts:AssumeRole",
              "Effect": "Allow",
              "Principal": {
                "Service": "lambda.amazonaws.com",
              },
            },
          ],
          "Version": "2012-10-17",
        },
        "ManagedPolicyArns": [
          {
            "Fn::Join": [
              "",
              [
                "arn:",
                {
                  "Ref": "AWS::Partition",
                },
                ":iam::aws:policy/service-role/AWSLambdaBasicExecutionRole",
              ],
            ],
          },
        ],
      },
      "Type": "AWS::IAM::Role",
    },
    "AdminAliasRecord572D1EBD": {
      "Properties": {
        "AliasTarget": {
          "DNSName": {
            "Fn::GetAtt": [
              "AdminDistribution4E89F8C0",
              "DomainName",
            ],
          },
          "HostedZoneId": {
            "Fn::FindInMap": [
              "AWSCloudFrontPartitionHostedZoneIdMap",
              {
                "Ref": "AWS::Partition",
              },
              "zoneId",
            ],
          },
        },
        "HostedZoneId": {
          "Ref": "SsmParameterValuetesthostedzoneidC96584B6F00A464EAD1953AFF4B05118Parameter",
        },
        "Name": "admin.example.com.",
        "Type": "A",
      },
      "Type": "AWS::Route53::RecordSet",
    },
    "AdminApiLambda4D7DC36F": {
      "DependsOn": [
        "AdminApiLambdaServiceRoleDefaultPolicy620084DC",
        "AdminApiLambdaServiceRole8B52F1ED",
      ],
      "Properties": {
        "Architectures": [
          "arm64",
        ],
        "Code": {
          "ZipFile": "exports.handler = () => {}",
        },
        "Environment": {
          "Variables": {
            "COGNITO_CLIENT_ID": {
              "Ref": "AdminUserPoolAdminSpaClientAB5C065F",
            },
            "COGNITO_USER_POOL_ID": {
              "Ref": "AdminUserPoolD0AF18CF",
            },
            "COOKIE_SECRET": {
              "Fn::GetAtt": [
                "CookieSecretLookup3C10335B",
                "SecretString",
              ],
            },
            "DATABASE_URL": "mysql://root@tidb-proxy.internal:13306/blog_dev",
            "HTTPS_PROXY": "http://tidb-proxy.internal:3128",
            "HTTP_PROXY": "http://tidb-proxy.internal:3128",
            "IMAGES_BASE_URL": "https://images.example.com",
            "IMAGES_BUCKET_NAME": {
              "Ref": "ImagesBucket1E86AFB2",
            },
            "NODE_USE_ENV_PROXY": "1",
            "NO_PROXY": "169.254.169.254,localhost,127.0.0.1,tidb-proxy.internal",
            "ORIGIN_ALLOWLIST": "https://admin.example.com",
          },
        },
        "FunctionName": "tp-dev-admin-api",
        "Handler": "index.handler",
        "LoggingConfig": {
          "LogFormat": "JSON",
          "LogGroup": {
            "Ref": "AdminApiLogGroup66D12F48",
          },
        },
        "MemorySize": 512,
        "Role": {
          "Fn::GetAtt": [
            "AdminApiLambdaServiceRole8B52F1ED",
            "Arn",
          ],
        },
        "Runtime": "nodejs24.x",
        "Timeout": 29,
        "VpcConfig": {
          "SecurityGroupIds": [
            {
              "Fn::GetAtt": [
                "AdminApiSgB9346ADD",
                "GroupId",
              ],
            },
          ],
          "SubnetIds": [
            {
              "Ref": "SsmParameterValuetesttidbproxyvpcprivatesubnetid1C96584B6F00A464EAD1953AFF4B05118Parameter",
            },
          ],
        },
      },
      "Type": "AWS::Lambda::Function",
    },
    "AdminApiLambdaServiceRole8B52F1ED": {
      "Properties": {
        "AssumeRolePolicyDocument": {
          "Statement": [
            {
              "Action": "sts:AssumeRole",
              "Effect": "Allow",
              "Principal": {
                "Service": "lambda.amazonaws.com",
              },
            },
          ],
          "Version": "2012-10-17",
        },
        "ManagedPolicyArns": [
          {
            "Fn::Join": [
              "",
              [
                "arn:",
                {
                  "Ref": "AWS::Partition",
                },
                ":iam::aws:policy/service-role/AWSLambdaBasicExecutionRole",
              ],
            ],
          },
          {
            "Fn::Join": [
              "",
              [
                "arn:",
                {
                  "Ref": "AWS::Partition",
                },
                ":iam::aws:policy/service-role/AWSLambdaVPCAccessExecutionRole",
              ],
            ],
          },
        ],
      },
      "Type": "AWS::IAM::Role",
    },
    "AdminApiLambdaServiceRoleDefaultPolicy620084DC": {
      "Properties": {
        "PolicyDocument": {
          "Statement": [
            {
              "Action": [
                "s3:PutObject",
                "s3:PutObjectLegalHold",
                "s3:PutObjectRetention",
                "s3:PutObjectTagging",
                "s3:PutObjectVersionTagging",
                "s3:Abort*",
              ],
              "Effect": "Allow",
              "Resource": {
                "Fn::Join": [
                  "",
                  [
                    {
                      "Fn::GetAtt": [
                        "ImagesBucket1E86AFB2",
                        "Arn",
                      ],
                    },
                    "/images/moments/*",
                  ],
                ],
              },
            },
          ],
          "Version": "2012-10-17",
        },
        "PolicyName": "AdminApiLambdaServiceRoleDefaultPolicy620084DC",
        "Roles": [
          {
            "Ref": "AdminApiLambdaServiceRole8B52F1ED",
          },
        ],
      },
      "Type": "AWS::IAM::Policy",
    },
    "AdminApiLogGroup66D12F48": {
      "DeletionPolicy": "Delete",
      "Properties": {
        "LogGroupName": "/aws/lambda/tp-dev-admin-api",
        "RetentionInDays": 14,
      },
      "Type": "AWS::Logs::LogGroup",
      "UpdateReplacePolicy": "Delete",
    },
    "AdminApiSgB9346ADD": {
      "Properties": {
        "GroupDescription": "admin-api lambda SG for development",
        "GroupName": "admin-api-sg-development",
        "VpcId": {
          "Ref": "SsmParameterValuetesttidbproxyvpcidC96584B6F00A464EAD1953AFF4B05118Parameter",
        },
      },
      "Type": "AWS::EC2::SecurityGroup",
    },
    "AdminApiSgtoTestAdminStackImportedProxySg47A61F301330675054505": {
      "Properties": {
        "Description": "mysql via tidb-proxy",
        "DestinationSecurityGroupId": {
          "Ref": "SsmParameterValuetesttidbproxyproxysgidC96584B6F00A464EAD1953AFF4B05118Parameter",
        },
        "FromPort": 13306,
        "GroupId": {
          "Fn::GetAtt": [
            "AdminApiSgB9346ADD",
            "GroupId",
          ],
        },
        "IpProtocol": "tcp",
        "ToPort": 13306,
      },
      "Type": "AWS::EC2::SecurityGroupEgress",
    },
    "AdminApiSgtoTestAdminStackImportedProxySg47A61F3031288D9E8033": {
      "Properties": {
        "Description": "https via tidb-proxy",
        "DestinationSecurityGroupId": {
          "Ref": "SsmParameterValuetesttidbproxyproxysgidC96584B6F00A464EAD1953AFF4B05118Parameter",
        },
        "FromPort": 3128,
        "GroupId": {
          "Fn::GetAtt": [
            "AdminApiSgB9346ADD",
            "GroupId",
          ],
        },
        "IpProtocol": "tcp",
        "ToPort": 3128,
      },
      "Type": "AWS::EC2::SecurityGroupEgress",
    },
    "AdminDistribution4E89F8C0": {
      "Properties": {
        "DistributionConfig": {
          "Aliases": [
            "admin.example.com",
            "images.example.com",
          ],
          "CacheBehaviors": [
            {
              "AllowedMethods": [
                "GET",
                "HEAD",
                "OPTIONS",
                "PUT",
                "PATCH",
                "POST",
                "DELETE",
              ],
              "CachePolicyId": "4135ea2d-6df8-44a3-9df3-4b5a84be39ad",
              "Compress": true,
              "FunctionAssociations": [
                {
                  "EventType": "viewer-request",
                  "FunctionARN": {
                    "Fn::GetAtt": [
                      "HostGuardFunctionE9AA689A",
                      "FunctionARN",
                    ],
                  },
                },
              ],
              "OriginRequestPolicyId": "b689b0a8-53d0-40ab-baf2-68738e2966ac",
              "PathPattern": "/api/*",
              "TargetOriginId": "TestAdminStackAdminDistributionOrigin2A146E6CA",
              "ViewerProtocolPolicy": "https-only",
            },
            {
              "CachePolicyId": "658327ea-f89d-4fab-a63d-7e88639e58f6",
              "Compress": true,
              "PathPattern": "/images/*",
              "TargetOriginId": "TestAdminStackAdminDistributionOrigin3A46AE305",
              "ViewerProtocolPolicy": "redirect-to-https",
            },
            {
              "CachePolicyId": "658327ea-f89d-4fab-a63d-7e88639e58f6",
              "Compress": true,
              "FunctionAssociations": [
                {
                  "EventType": "viewer-request",
                  "FunctionARN": {
                    "Fn::GetAtt": [
                      "HostGuardFunctionE9AA689A",
                      "FunctionARN",
                    ],
                  },
                },
              ],
              "PathPattern": "/labs/*",
              "TargetOriginId": "TestAdminStackAdminDistributionOrigin4593D3947",
              "ViewerProtocolPolicy": "redirect-to-https",
            },
            {
              "CachePolicyId": "658327ea-f89d-4fab-a63d-7e88639e58f6",
              "Compress": true,
              "PathPattern": "/lab-assets/*",
              "TargetOriginId": "TestAdminStackAdminDistributionOrigin5B6FAF516",
              "ViewerProtocolPolicy": "redirect-to-https",
            },
          ],
          "Comment": "tp-dev-admin",
          "DefaultCacheBehavior": {
            "CachePolicyId": "658327ea-f89d-4fab-a63d-7e88639e58f6",
            "Compress": true,
            "FunctionAssociations": [
              {
                "EventType": "viewer-request",
                "FunctionARN": {
                  "Fn::GetAtt": [
                    "HostGuardFunctionE9AA689A",
                    "FunctionARN",
                  ],
                },
              },
            ],
            "TargetOriginId": "TestAdminStackAdminDistributionOrigin1DE9EA4C6",
            "ViewerProtocolPolicy": "redirect-to-https",
          },
          "DefaultRootObject": "index.html",
          "Enabled": true,
          "HttpVersion": "http2and3",
          "IPV6Enabled": true,
          "Origins": [
            {
              "DomainName": {
                "Fn::GetAtt": [
                  "SpaBucket48E1059F",
                  "RegionalDomainName",
                ],
              },
              "Id": "TestAdminStackAdminDistributionOrigin1DE9EA4C6",
              "OriginAccessControlId": {
                "Fn::GetAtt": [
                  "AdminDistributionOrigin1S3OriginAccessControl949F3123",
                  "Id",
                ],
              },
              "S3OriginConfig": {
                "OriginAccessIdentity": "",
              },
            },
            {
              "CustomOriginConfig": {
                "OriginProtocolPolicy": "https-only",
                "OriginSSLProtocols": [
                  "TLSv1.2",
                ],
              },
              "DomainName": {
                "Fn::Join": [
                  "",
                  [
                    {
                      "Ref": "AdminHttpApiA89DC2A8",
                    },
                    ".execute-api.ap-northeast-1.",
                    {
                      "Ref": "AWS::URLSuffix",
                    },
                  ],
                ],
              },
              "Id": "TestAdminStackAdminDistributionOrigin2A146E6CA",
            },
            {
              "DomainName": {
                "Fn::GetAtt": [
                  "ImagesBucket1E86AFB2",
                  "RegionalDomainName",
                ],
              },
              "Id": "TestAdminStackAdminDistributionOrigin3A46AE305",
              "OriginAccessControlId": {
                "Fn::GetAtt": [
                  "AdminDistributionOrigin3S3OriginAccessControl49F2AD04",
                  "Id",
                ],
              },
              "S3OriginConfig": {
                "OriginAccessIdentity": "",
              },
            },
            {
              "DomainName": {
                "Fn::GetAtt": [
                  "LabsSpaBucketD4EEFDA2",
                  "RegionalDomainName",
                ],
              },
              "Id": "TestAdminStackAdminDistributionOrigin4593D3947",
              "OriginAccessControlId": {
                "Fn::GetAtt": [
                  "AdminDistributionOrigin4S3OriginAccessControlA7AD8C04",
                  "Id",
                ],
              },
              "S3OriginConfig": {
                "OriginAccessIdentity": "",
              },
            },
            {
              "DomainName": {
                "Fn::GetAtt": [
                  "LabImagesBucket1946917D",
                  "RegionalDomainName",
                ],
              },
              "Id": "TestAdminStackAdminDistributionOrigin5B6FAF516",
              "OriginAccessControlId": {
                "Fn::GetAtt": [
                  "AdminDistributionOrigin5S3OriginAccessControl6C2FB7A1",
                  "Id",
                ],
              },
              "S3OriginConfig": {
                "OriginAccessIdentity": "",
              },
            },
          ],
          "PriceClass": "PriceClass_200",
          "ViewerCertificate": {
            "AcmCertificateArn": {
              "Fn::GetAtt": [
                "VirginiaCertArnLookupB0A388AA",
                "Parameter.Value",
              ],
            },
            "MinimumProtocolVersion": "TLSv1.2_2021",
            "SslSupportMethod": "sni-only",
          },
        },
      },
      "Type": "AWS::CloudFront::Distribution",
    },
    "AdminDistributionOrigin1S3OriginAccessControl949F3123": {
      "Properties": {
        "OriginAccessControlConfig": {
          "Name": "TestAdminStackAdminDistributOrigin1S3OriginAccessControl5302B236",
          "OriginAccessControlOriginType": "s3",
          "SigningBehavior": "always",
          "SigningProtocol": "sigv4",
        },
      },
      "Type": "AWS::CloudFront::OriginAccessControl",
    },
    "AdminDistributionOrigin3S3OriginAccessControl49F2AD04": {
      "Properties": {
        "OriginAccessControlConfig": {
          "Name": "TestAdminStackAdminDistributOrigin3S3OriginAccessControl359697F1",
          "OriginAccessControlOriginType": "s3",
          "SigningBehavior": "always",
          "SigningProtocol": "sigv4",
        },
      },
      "Type": "AWS::CloudFront::OriginAccessControl",
    },
    "AdminDistributionOrigin4S3OriginAccessControlA7AD8C04": {
      "Properties": {
        "OriginAccessControlConfig": {
          "Name": "TestAdminStackAdminDistributOrigin4S3OriginAccessControl341898AA",
          "OriginAccessControlOriginType": "s3",
          "SigningBehavior": "always",
          "SigningProtocol": "sigv4",
        },
      },
      "Type": "AWS::CloudFront::OriginAccessControl",
    },
    "AdminDistributionOrigin5S3OriginAccessControl6C2FB7A1": {
      "Properties": {
        "OriginAccessControlConfig": {
          "Name": "TestAdminStackAdminDistributOrigin5S3OriginAccessControlC46C6231",
          "OriginAccessControlOriginType": "s3",
          "SigningBehavior": "always",
          "SigningProtocol": "sigv4",
        },
      },
      "Type": "AWS::CloudFront::OriginAccessControl",
    },
    "AdminHttpApiA89DC2A8": {
      "Properties": {
        "Name": "tp-dev-admin-api",
        "ProtocolType": "HTTP",
      },
      "Type": "AWS::ApiGatewayV2::Api",
    },
    "AdminHttpApiANYproxy9C08D9A9": {
      "Properties": {
        "ApiId": {
          "Ref": "AdminHttpApiA89DC2A8",
        },
        "AuthorizationType": "NONE",
        "RouteKey": "ANY /{proxy+}",
        "Target": {
          "Fn::Join": [
            "",
            [
              "integrations/",
              {
                "Ref": "AdminHttpApiANYproxyAdminApiIntegrationADD472B4",
              },
            ],
          ],
        },
      },
      "Type": "AWS::ApiGatewayV2::Route",
    },
    "AdminHttpApiANYproxyAdminApiIntegrationADD472B4": {
      "Properties": {
        "ApiId": {
          "Ref": "AdminHttpApiA89DC2A8",
        },
        "IntegrationType": "AWS_PROXY",
        "IntegrationUri": {
          "Fn::GetAtt": [
            "AdminApiLambda4D7DC36F",
            "Arn",
          ],
        },
        "PayloadFormatVersion": "2.0",
      },
      "Type": "AWS::ApiGatewayV2::Integration",
    },
    "AdminHttpApiANYproxyAdminApiIntegrationPermissionBE963076": {
      "Properties": {
        "Action": "lambda:InvokeFunction",
        "FunctionName": {
          "Fn::GetAtt": [
            "AdminApiLambda4D7DC36F",
            "Arn",
          ],
        },
        "Principal": "apigateway.amazonaws.com",
        "SourceArn": {
          "Fn::Join": [
            "",
            [
              "arn:",
              {
                "Ref": "AWS::Partition",
              },
              ":execute-api:ap-northeast-1:123456789012:",
              {
                "Ref": "AdminHttpApiA89DC2A8",
              },
              "/*/*/{proxy+}",
            ],
          ],
        },
      },
      "Type": "AWS::Lambda::Permission",
    },
    "AdminHttpApiDefaultStageD054D4C1": {
      "Properties": {
        "ApiId": {
          "Ref": "AdminHttpApiA89DC2A8",
        },
        "AutoDeploy": true,
        "StageName": "$default",
      },
      "Type": "AWS::ApiGatewayV2::Stage",
    },
    "AdminUserPoolAdminSpaClientAB5C065F": {
      "Properties": {
        "AllowedOAuthFlows": [
          "implicit",
          "code",
        ],
        "AllowedOAuthFlowsUserPoolClient": true,
        "AllowedOAuthScopes": [
          "profile",
          "phone",
          "email",
          "openid",
          "aws.cognito.signin.user.admin",
        ],
        "CallbackURLs": [
          "https://example.com",
        ],
        "ClientName": "tp-dev-admin-spa",
        "EnableTokenRevocation": true,
        "ExplicitAuthFlows": [
          "ALLOW_USER_SRP_AUTH",
          "ALLOW_REFRESH_TOKEN_AUTH",
        ],
        "GenerateSecret": false,
        "PreventUserExistenceErrors": "ENABLED",
        "RefreshTokenValidity": 43200,
        "SupportedIdentityProviders": [
          "COGNITO",
        ],
        "TokenValidityUnits": {
          "RefreshToken": "minutes",
        },
        "UserPoolId": {
          "Ref": "AdminUserPoolD0AF18CF",
        },
      },
      "Type": "AWS::Cognito::UserPoolClient",
    },
    "AdminUserPoolD0AF18CF": {
      "DeletionPolicy": "Delete",
      "Properties": {
        "AccountRecoverySetting": {
          "RecoveryMechanisms": [
            {
              "Name": "admin_only",
              "Priority": 1,
            },
          ],
        },
        "AdminCreateUserConfig": {
          "AllowAdminCreateUserOnly": true,
        },
        "DeletionProtection": "INACTIVE",
        "EmailVerificationMessage": "The verification code to your new account is {####}",
        "EmailVerificationSubject": "Verify your new account",
        "MfaConfiguration": "OFF",
        "Policies": {
          "PasswordPolicy": {
            "MinimumLength": 12,
            "RequireLowercase": true,
            "RequireNumbers": true,
            "RequireSymbols": true,
            "RequireUppercase": true,
          },
        },
        "SmsVerificationMessage": "The verification code to your new account is {####}",
        "UserPoolName": "tp-dev-admin",
        "VerificationMessageTemplate": {
          "DefaultEmailOption": "CONFIRM_WITH_CODE",
          "EmailMessage": "The verification code to your new account is {####}",
          "EmailSubject": "Verify your new account",
          "SmsMessage": "The verification code to your new account is {####}",
        },
      },
      "Type": "AWS::Cognito::UserPool",
      "UpdateReplacePolicy": "Delete",
    },
    "BlogApiLabAssetsPolicy192B188A": {
      "Properties": {
        "PolicyDocument": {
          "Statement": [
            {
              "Action": [
                "s3:PutObject",
                "s3:GetObject",
              ],
              "Effect": "Allow",
              "Resource": {
                "Fn::Join": [
                  "",
                  [
                    {
                      "Fn::GetAtt": [
                        "LabImagesBucket1946917D",
                        "Arn",
                      ],
                    },
                    "/lab-assets/*",
                  ],
                ],
              },
            },
            {
              "Action": "s3:ListBucket",
              "Condition": {
                "StringLike": {
                  "s3:prefix": [
                    "lab-assets/*",
                  ],
                },
              },
              "Effect": "Allow",
              "Resource": {
                "Fn::GetAtt": [
                  "LabImagesBucket1946917D",
                  "Arn",
                ],
              },
            },
          ],
          "Version": "2012-10-17",
        },
        "PolicyName": "BlogApiLabAssetsPolicy192B188A",
        "Roles": [
          "tp-dev-blog-api-role",
        ],
      },
      "Type": "AWS::IAM::Policy",
    },
    "CookieSecret28A05618": {
      "DeletionPolicy": "Delete",
      "Properties": {
        "Description": "admin セッション Cookie の暗号鍵 (iron-webcrypto seal 用)",
        "GenerateSecretString": {
          "ExcludePunctuation": true,
          "PasswordLength": 48,
        },
        "Name": "tp-dev-admin-cookie-secret",
      },
      "Type": "AWS::SecretsManager::Secret",
      "UpdateReplacePolicy": "Delete",
    },
    "CookieSecretLookup3C10335B": {
      "DeletionPolicy": "Delete",
      "DependsOn": [
        "CookieSecret28A05618",
        "CookieSecretLookupCustomResourcePolicy82427E70",
      ],
      "Properties": {
        "Create": {
          "Fn::Join": [
            "",
            [
              "{"service":"SecretsManager","action":"GetSecretValue","parameters":{"SecretId":"",
              {
                "Ref": "CookieSecret28A05618",
              },
              ""},"physicalResourceId":{"id":"",
              {
                "Ref": "CookieSecret28A05618",
              },
              ""}}",
            ],
          ],
        },
        "InstallLatestAwsSdk": true,
        "ServiceToken": {
          "Fn::GetAtt": [
            "AWS679f53fac002430cb0da5b7982bd22872D164C4C",
            "Arn",
          ],
        },
        "Update": {
          "Fn::Join": [
            "",
            [
              "{"service":"SecretsManager","action":"GetSecretValue","parameters":{"SecretId":"",
              {
                "Ref": "CookieSecret28A05618",
              },
              ""},"physicalResourceId":{"id":"",
              {
                "Ref": "CookieSecret28A05618",
              },
              ""}}",
            ],
          ],
        },
      },
      "Type": "Custom::AWS",
      "UpdateReplacePolicy": "Delete",
    },
    "CookieSecretLookupCustomResourcePolicy82427E70": {
      "DependsOn": [
        "CookieSecret28A05618",
      ],
      "Properties": {
        "PolicyDocument": {
          "Statement": [
            {
              "Action": "secretsmanager:GetSecretValue",
              "Effect": "Allow",
              "Resource": {
                "Ref": "CookieSecret28A05618",
              },
            },
          ],
          "Version": "2012-10-17",
        },
        "PolicyName": "CookieSecretLookupCustomResourcePolicy82427E70",
        "Roles": [
          {
            "Ref": "AWS679f53fac002430cb0da5b7982bd2287ServiceRoleC1EA0FF2",
          },
        ],
      },
      "Type": "AWS::IAM::Policy",
    },
    "CustomCDKBucketDeployment8693BB64968944B69AAFB0CC9EB8756C81C01536": {
      "DependsOn": [
        "CustomCDKBucketDeployment8693BB64968944B69AAFB0CC9EB8756CServiceRoleDefaultPolicy88902FDF",
        "CustomCDKBucketDeployment8693BB64968944B69AAFB0CC9EB8756CServiceRole89A01265",
      ],
      "Properties": {
        "Code": {
          "S3Bucket": "cdk-hnb659fds-assets-123456789012-ap-northeast-1",
          "S3Key": "97e9ebf0b174a5c8f7faa505739022b7f509edddffcab9211dcd08b759944c4f.zip",
        },
        "Environment": {
          "Variables": {
            "AWS_CA_BUNDLE": "/etc/pki/ca-trust/extracted/pem/tls-ca-bundle.pem",
          },
        },
        "Handler": "index.handler",
        "Layers": [
          {
            "Ref": "SpaDeploymentAwsCliLayer0A2A7D9B",
          },
        ],
        "Role": {
          "Fn::GetAtt": [
            "CustomCDKBucketDeployment8693BB64968944B69AAFB0CC9EB8756CServiceRole89A01265",
            "Arn",
          ],
        },
        "Runtime": "python3.13",
        "Timeout": 900,
      },
      "Type": "AWS::Lambda::Function",
    },
    "CustomCDKBucketDeployment8693BB64968944B69AAFB0CC9EB8756CServiceRole89A01265": {
      "Properties": {
        "AssumeRolePolicyDocument": {
          "Statement": [
            {
              "Action": "sts:AssumeRole",
              "Effect": "Allow",
              "Principal": {
                "Service": "lambda.amazonaws.com",
              },
            },
          ],
          "Version": "2012-10-17",
        },
        "ManagedPolicyArns": [
          {
            "Fn::Join": [
              "",
              [
                "arn:",
                {
                  "Ref": "AWS::Partition",
                },
                ":iam::aws:policy/service-role/AWSLambdaBasicExecutionRole",
              ],
            ],
          },
        ],
      },
      "Type": "AWS::IAM::Role",
    },
    "CustomCDKBucketDeployment8693BB64968944B69AAFB0CC9EB8756CServiceRoleDefaultPolicy88902FDF": {
      "Properties": {
        "PolicyDocument": {
          "Statement": [
            {
              "Action": [
                "s3:GetObject*",
                "s3:GetBucket*",
                "s3:List*",
              ],
              "Effect": "Allow",
              "Resource": [
                {
                  "Fn::Join": [
                    "",
                    [
                      "arn:",
                      {
                        "Ref": "AWS::Partition",
                      },
                      ":s3:::cdk-hnb659fds-assets-123456789012-ap-northeast-1",
                    ],
                  ],
                },
                {
                  "Fn::Join": [
                    "",
                    [
                      "arn:",
                      {
                        "Ref": "AWS::Partition",
                      },
                      ":s3:::cdk-hnb659fds-assets-123456789012-ap-northeast-1/*",
                    ],
                  ],
                },
              ],
            },
            {
              "Action": [
                "s3:GetObject*",
                "s3:GetBucket*",
                "s3:List*",
                "s3:DeleteObject*",
                "s3:PutObject",
                "s3:PutObjectLegalHold",
                "s3:PutObjectRetention",
                "s3:PutObjectTagging",
                "s3:PutObjectVersionTagging",
                "s3:Abort*",
              ],
              "Effect": "Allow",
              "Resource": [
                {
                  "Fn::GetAtt": [
                    "SpaBucket48E1059F",
                    "Arn",
                  ],
                },
                {
                  "Fn::Join": [
                    "",
                    [
                      {
                        "Fn::GetAtt": [
                          "SpaBucket48E1059F",
                          "Arn",
                        ],
                      },
                      "/*",
                    ],
                  ],
                },
              ],
            },
            {
              "Action": [
                "cloudfront:GetInvalidation",
                "cloudfront:CreateInvalidation",
              ],
              "Effect": "Allow",
              "Resource": "*",
            },
            {
              "Action": [
                "s3:GetObject*",
                "s3:GetBucket*",
                "s3:List*",
                "s3:DeleteObject*",
                "s3:PutObject",
                "s3:PutObjectLegalHold",
                "s3:PutObjectRetention",
                "s3:PutObjectTagging",
                "s3:PutObjectVersionTagging",
                "s3:Abort*",
              ],
              "Effect": "Allow",
              "Resource": [
                {
                  "Fn::GetAtt": [
                    "LabsSpaBucketD4EEFDA2",
                    "Arn",
                  ],
                },
                {
                  "Fn::Join": [
                    "",
                    [
                      {
                        "Fn::GetAtt": [
                          "LabsSpaBucketD4EEFDA2",
                          "Arn",
                        ],
                      },
                      "/*",
                    ],
                  ],
                },
              ],
            },
          ],
          "Version": "2012-10-17",
        },
        "PolicyName": "CustomCDKBucketDeployment8693BB64968944B69AAFB0CC9EB8756CServiceRoleDefaultPolicy88902FDF",
        "Roles": [
          {
            "Ref": "CustomCDKBucketDeployment8693BB64968944B69AAFB0CC9EB8756CServiceRole89A01265",
          },
        ],
      },
      "Type": "AWS::IAM::Policy",
    },
    "CustomS3AutoDeleteObjectsCustomResourceProviderHandler9D90184F": {
      "DependsOn": [
        "CustomS3AutoDeleteObjectsCustomResourceProviderRole3B1BD092",
      ],
      "Properties": {
        "Code": {
          "S3Bucket": "cdk-hnb659fds-assets-123456789012-ap-northeast-1",
          "S3Key": "faa95a81ae7d7373f3e1f242268f904eb748d8d0fdd306e8a6fe515a1905a7d6.zip",
        },
        "Description": {
          "Fn::Join": [
            "",
            [
              "Lambda function for auto-deleting objects in ",
              {
                "Ref": "ImagesBucket1E86AFB2",
              },
              " S3 bucket.",
            ],
          ],
        },
        "Handler": "index.handler",
        "MemorySize": 128,
        "Role": {
          "Fn::GetAtt": [
            "CustomS3AutoDeleteObjectsCustomResourceProviderRole3B1BD092",
            "Arn",
          ],
        },
        "Runtime": "nodejs24.x",
        "Timeout": 900,
      },
      "Type": "AWS::Lambda::Function",
    },
    "CustomS3AutoDeleteObjectsCustomResourceProviderRole3B1BD092": {
      "Properties": {
        "AssumeRolePolicyDocument": {
          "Statement": [
            {
              "Action": "sts:AssumeRole",
              "Effect": "Allow",
              "Principal": {
                "Service": "lambda.amazonaws.com",
              },
            },
          ],
          "Version": "2012-10-17",
        },
        "ManagedPolicyArns": [
          {
            "Fn::Sub": "arn:\${AWS::Partition}:iam::aws:policy/service-role/AWSLambdaBasicExecutionRole",
          },
        ],
      },
      "Type": "AWS::IAM::Role",
    },
    "HostGuardFunctionE9AA689A": {
      "Properties": {
        "AutoPublish": true,
        "FunctionCode": "
function handler(event) {
  var request = event.request;
  var host = request.headers.host && request.headers.host.value;
  if (host !== 'admin.example.com') {
    return { statusCode: 403, statusDescription: 'Forbidden' };
  }
  var uri = request.uri;
  if (uri.startsWith('/api/')) {
    return request;
  }
  // '/labs/*' behavior にマッチしないため default に落ちる。SPA ルートへ寄せる
  if (uri === '/labs') {
    return {
      statusCode: 301,
      statusDescription: 'Moved Permanently',
      headers: { location: { value: '/labs/' } },
    };
  }
  if (uri.startsWith('/labs/')) {
    if (uri.includes('.')) {
      return request;
    }
    request.uri = '/labs/index.html';
    return request;
  }
  if (uri.includes('.')) {
    return request;
  }
  request.uri = '/index.html';
  return request;
}
",
        "FunctionConfig": {
          "Comment": "tp-dev-admin-host-guard",
          "Runtime": "cloudfront-js-2.0",
        },
        "Name": "tp-dev-admin-host-guard",
      },
      "Type": "AWS::CloudFront::Function",
    },
    "ImagesAliasRecord528E5E9E": {
      "Properties": {
        "AliasTarget": {
          "DNSName": {
            "Fn::GetAtt": [
              "AdminDistribution4E89F8C0",
              "DomainName",
            ],
          },
          "HostedZoneId": {
            "Fn::FindInMap": [
              "AWSCloudFrontPartitionHostedZoneIdMap",
              {
                "Ref": "AWS::Partition",
              },
              "zoneId",
            ],
          },
        },
        "HostedZoneId": {
          "Ref": "SsmParameterValuetesthostedzoneidC96584B6F00A464EAD1953AFF4B05118Parameter",
        },
        "Name": "images.example.com.",
        "Type": "A",
      },
      "Type": "AWS::Route53::RecordSet",
    },
    "ImagesBucket1E86AFB2": {
      "DeletionPolicy": "Delete",
      "Properties": {
        "BucketEncryption": {
          "ServerSideEncryptionConfiguration": [
            {
              "ServerSideEncryptionByDefault": {
                "SSEAlgorithm": "AES256",
              },
            },
          ],
        },
        "CorsConfiguration": {
          "CorsRules": [
            {
              "AllowedHeaders": [
                "content-type",
              ],
              "AllowedMethods": [
                "PUT",
              ],
              "AllowedOrigins": [
                "https://admin.example.com",
                "http://localhost:*",
              ],
              "MaxAge": 3000,
            },
          ],
        },
        "PublicAccessBlockConfiguration": {
          "BlockPublicAcls": true,
          "BlockPublicPolicy": true,
          "IgnorePublicAcls": true,
          "RestrictPublicBuckets": true,
        },
        "Tags": [
          {
            "Key": "aws-cdk:auto-delete-objects",
            "Value": "true",
          },
        ],
      },
      "Type": "AWS::S3::Bucket",
      "UpdateReplacePolicy": "Delete",
    },
    "ImagesBucketAutoDeleteObjectsCustomResource1A749259": {
      "DeletionPolicy": "Delete",
      "DependsOn": [
        "ImagesBucketPolicy5ED12B6C",
      ],
      "Properties": {
        "BucketName": {
          "Ref": "ImagesBucket1E86AFB2",
        },
        "ServiceToken": {
          "Fn::GetAtt": [
            "CustomS3AutoDeleteObjectsCustomResourceProviderHandler9D90184F",
            "Arn",
          ],
        },
      },
      "Type": "Custom::S3AutoDeleteObjects",
      "UpdateReplacePolicy": "Delete",
    },
    "ImagesBucketPolicy5ED12B6C": {
      "Properties": {
        "Bucket": {
          "Ref": "ImagesBucket1E86AFB2",
        },
        "PolicyDocument": {
          "Statement": [
            {
              "Action": "s3:*",
              "Condition": {
                "Bool": {
                  "aws:SecureTransport": "false",
                },
              },
              "Effect": "Deny",
              "Principal": {
                "AWS": "*",
              },
              "Resource": [
                {
                  "Fn::GetAtt": [
                    "ImagesBucket1E86AFB2",
                    "Arn",
                  ],
                },
                {
                  "Fn::Join": [
                    "",
                    [
                      {
                        "Fn::GetAtt": [
                          "ImagesBucket1E86AFB2",
                          "Arn",
                        ],
                      },
                      "/*",
                    ],
                  ],
                },
              ],
            },
            {
              "Action": [
                "s3:PutBucketPolicy",
                "s3:GetBucket*",
                "s3:List*",
                "s3:DeleteObject*",
              ],
              "Effect": "Allow",
              "Principal": {
                "AWS": {
                  "Fn::GetAtt": [
                    "CustomS3AutoDeleteObjectsCustomResourceProviderRole3B1BD092",
                    "Arn",
                  ],
                },
              },
              "Resource": [
                {
                  "Fn::GetAtt": [
                    "ImagesBucket1E86AFB2",
                    "Arn",
                  ],
                },
                {
                  "Fn::Join": [
                    "",
                    [
                      {
                        "Fn::GetAtt": [
                          "ImagesBucket1E86AFB2",
                          "Arn",
                        ],
                      },
                      "/*",
                    ],
                  ],
                },
              ],
            },
            {
              "Action": "s3:GetObject",
              "Condition": {
                "StringEquals": {
                  "AWS:SourceArn": {
                    "Fn::Join": [
                      "",
                      [
                        "arn:",
                        {
                          "Ref": "AWS::Partition",
                        },
                        ":cloudfront::",
                        {
                          "Ref": "AWS::AccountId",
                        },
                        ":distribution/",
                        {
                          "Ref": "AdminDistribution4E89F8C0",
                        },
                      ],
                    ],
                  },
                },
              },
              "Effect": "Allow",
              "Principal": {
                "Service": "cloudfront.amazonaws.com",
              },
              "Resource": {
                "Fn::Join": [
                  "",
                  [
                    {
                      "Fn::GetAtt": [
                        "ImagesBucket1E86AFB2",
                        "Arn",
                      ],
                    },
                    "/*",
                  ],
                ],
              },
            },
          ],
          "Version": "2012-10-17",
        },
      },
      "Type": "AWS::S3::BucketPolicy",
    },
    "ImportedProxySgfromTestAdminStackAdminApiSgBEC03E7F13306F6E3E78D": {
      "Properties": {
        "Description": "mysql from admin-api-sg-development",
        "FromPort": 13306,
        "GroupId": {
          "Ref": "SsmParameterValuetesttidbproxyproxysgidC96584B6F00A464EAD1953AFF4B05118Parameter",
        },
        "IpProtocol": "tcp",
        "SourceSecurityGroupId": {
          "Fn::GetAtt": [
            "AdminApiSgB9346ADD",
            "GroupId",
          ],
        },
        "ToPort": 13306,
      },
      "Type": "AWS::EC2::SecurityGroupIngress",
    },
    "ImportedProxySgfromTestAdminStackAdminApiSgBEC03E7F31288BDB6BE0": {
      "Properties": {
        "Description": "https from admin-api-sg-development",
        "FromPort": 3128,
        "GroupId": {
          "Ref": "SsmParameterValuetesttidbproxyproxysgidC96584B6F00A464EAD1953AFF4B05118Parameter",
        },
        "IpProtocol": "tcp",
        "SourceSecurityGroupId": {
          "Fn::GetAtt": [
            "AdminApiSgB9346ADD",
            "GroupId",
          ],
        },
        "ToPort": 3128,
      },
      "Type": "AWS::EC2::SecurityGroupIngress",
    },
    "LabImagesBucket1946917D": {
      "DeletionPolicy": "Delete",
      "Properties": {
        "BucketEncryption": {
          "ServerSideEncryptionConfiguration": [
            {
              "ServerSideEncryptionByDefault": {
                "SSEAlgorithm": "AES256",
              },
            },
          ],
        },
        "BucketName": "tp-dev-lab-assets",
        "PublicAccessBlockConfiguration": {
          "BlockPublicAcls": true,
          "BlockPublicPolicy": true,
          "IgnorePublicAcls": true,
          "RestrictPublicBuckets": true,
        },
        "Tags": [
          {
            "Key": "aws-cdk:auto-delete-objects",
            "Value": "true",
          },
        ],
      },
      "Type": "AWS::S3::Bucket",
      "UpdateReplacePolicy": "Delete",
    },
    "LabImagesBucketAutoDeleteObjectsCustomResource70B3BCA9": {
      "DeletionPolicy": "Delete",
      "DependsOn": [
        "LabImagesBucketPolicyBAC0D7BD",
      ],
      "Properties": {
        "BucketName": {
          "Ref": "LabImagesBucket1946917D",
        },
        "ServiceToken": {
          "Fn::GetAtt": [
            "CustomS3AutoDeleteObjectsCustomResourceProviderHandler9D90184F",
            "Arn",
          ],
        },
      },
      "Type": "Custom::S3AutoDeleteObjects",
      "UpdateReplacePolicy": "Delete",
    },
    "LabImagesBucketPolicyBAC0D7BD": {
      "Properties": {
        "Bucket": {
          "Ref": "LabImagesBucket1946917D",
        },
        "PolicyDocument": {
          "Statement": [
            {
              "Action": "s3:*",
              "Condition": {
                "Bool": {
                  "aws:SecureTransport": "false",
                },
              },
              "Effect": "Deny",
              "Principal": {
                "AWS": "*",
              },
              "Resource": [
                {
                  "Fn::GetAtt": [
                    "LabImagesBucket1946917D",
                    "Arn",
                  ],
                },
                {
                  "Fn::Join": [
                    "",
                    [
                      {
                        "Fn::GetAtt": [
                          "LabImagesBucket1946917D",
                          "Arn",
                        ],
                      },
                      "/*",
                    ],
                  ],
                },
              ],
            },
            {
              "Action": [
                "s3:PutBucketPolicy",
                "s3:GetBucket*",
                "s3:List*",
                "s3:DeleteObject*",
              ],
              "Effect": "Allow",
              "Principal": {
                "AWS": {
                  "Fn::GetAtt": [
                    "CustomS3AutoDeleteObjectsCustomResourceProviderRole3B1BD092",
                    "Arn",
                  ],
                },
              },
              "Resource": [
                {
                  "Fn::GetAtt": [
                    "LabImagesBucket1946917D",
                    "Arn",
                  ],
                },
                {
                  "Fn::Join": [
                    "",
                    [
                      {
                        "Fn::GetAtt": [
                          "LabImagesBucket1946917D",
                          "Arn",
                        ],
                      },
                      "/*",
                    ],
                  ],
                },
              ],
            },
            {
              "Action": "s3:GetObject",
              "Condition": {
                "StringEquals": {
                  "AWS:SourceArn": {
                    "Fn::Join": [
                      "",
                      [
                        "arn:",
                        {
                          "Ref": "AWS::Partition",
                        },
                        ":cloudfront::",
                        {
                          "Ref": "AWS::AccountId",
                        },
                        ":distribution/",
                        {
                          "Ref": "AdminDistribution4E89F8C0",
                        },
                      ],
                    ],
                  },
                },
              },
              "Effect": "Allow",
              "Principal": {
                "Service": "cloudfront.amazonaws.com",
              },
              "Resource": {
                "Fn::Join": [
                  "",
                  [
                    {
                      "Fn::GetAtt": [
                        "LabImagesBucket1946917D",
                        "Arn",
                      ],
                    },
                    "/*",
                  ],
                ],
              },
            },
          ],
          "Version": "2012-10-17",
        },
      },
      "Type": "AWS::S3::BucketPolicy",
    },
    "LabsSpaBucketAutoDeleteObjectsCustomResourceF8E01F11": {
      "DeletionPolicy": "Delete",
      "DependsOn": [
        "LabsSpaBucketPolicyE4515BBD",
      ],
      "Properties": {
        "BucketName": {
          "Ref": "LabsSpaBucketD4EEFDA2",
        },
        "ServiceToken": {
          "Fn::GetAtt": [
            "CustomS3AutoDeleteObjectsCustomResourceProviderHandler9D90184F",
            "Arn",
          ],
        },
      },
      "Type": "Custom::S3AutoDeleteObjects",
      "UpdateReplacePolicy": "Delete",
    },
    "LabsSpaBucketD4EEFDA2": {
      "DeletionPolicy": "Delete",
      "Properties": {
        "BucketEncryption": {
          "ServerSideEncryptionConfiguration": [
            {
              "ServerSideEncryptionByDefault": {
                "SSEAlgorithm": "AES256",
              },
            },
          ],
        },
        "PublicAccessBlockConfiguration": {
          "BlockPublicAcls": true,
          "BlockPublicPolicy": true,
          "IgnorePublicAcls": true,
          "RestrictPublicBuckets": true,
        },
        "Tags": [
          {
            "Key": "aws-cdk:auto-delete-objects",
            "Value": "true",
          },
          {
            "Key": "aws-cdk:cr-owned:labs:633a3dc9",
            "Value": "true",
          },
        ],
      },
      "Type": "AWS::S3::Bucket",
      "UpdateReplacePolicy": "Delete",
    },
    "LabsSpaBucketPolicyE4515BBD": {
      "Properties": {
        "Bucket": {
          "Ref": "LabsSpaBucketD4EEFDA2",
        },
        "PolicyDocument": {
          "Statement": [
            {
              "Action": "s3:*",
              "Condition": {
                "Bool": {
                  "aws:SecureTransport": "false",
                },
              },
              "Effect": "Deny",
              "Principal": {
                "AWS": "*",
              },
              "Resource": [
                {
                  "Fn::GetAtt": [
                    "LabsSpaBucketD4EEFDA2",
                    "Arn",
                  ],
                },
                {
                  "Fn::Join": [
                    "",
                    [
                      {
                        "Fn::GetAtt": [
                          "LabsSpaBucketD4EEFDA2",
                          "Arn",
                        ],
                      },
                      "/*",
                    ],
                  ],
                },
              ],
            },
            {
              "Action": [
                "s3:PutBucketPolicy",
                "s3:GetBucket*",
                "s3:List*",
                "s3:DeleteObject*",
              ],
              "Effect": "Allow",
              "Principal": {
                "AWS": {
                  "Fn::GetAtt": [
                    "CustomS3AutoDeleteObjectsCustomResourceProviderRole3B1BD092",
                    "Arn",
                  ],
                },
              },
              "Resource": [
                {
                  "Fn::GetAtt": [
                    "LabsSpaBucketD4EEFDA2",
                    "Arn",
                  ],
                },
                {
                  "Fn::Join": [
                    "",
                    [
                      {
                        "Fn::GetAtt": [
                          "LabsSpaBucketD4EEFDA2",
                          "Arn",
                        ],
                      },
                      "/*",
                    ],
                  ],
                },
              ],
            },
            {
              "Action": "s3:GetObject",
              "Condition": {
                "StringEquals": {
                  "AWS:SourceArn": {
                    "Fn::Join": [
                      "",
                      [
                        "arn:",
                        {
                          "Ref": "AWS::Partition",
                        },
                        ":cloudfront::",
                        {
                          "Ref": "AWS::AccountId",
                        },
                        ":distribution/",
                        {
                          "Ref": "AdminDistribution4E89F8C0",
                        },
                      ],
                    ],
                  },
                },
              },
              "Effect": "Allow",
              "Principal": {
                "Service": "cloudfront.amazonaws.com",
              },
              "Resource": {
                "Fn::Join": [
                  "",
                  [
                    {
                      "Fn::GetAtt": [
                        "LabsSpaBucketD4EEFDA2",
                        "Arn",
                      ],
                    },
                    "/*",
                  ],
                ],
              },
            },
          ],
          "Version": "2012-10-17",
        },
      },
      "Type": "AWS::S3::BucketPolicy",
    },
    "LabsSpaDeploymentAwsCliLayer74DFB08F": {
      "Properties": {
        "Content": {
          "S3Bucket": "cdk-hnb659fds-assets-123456789012-ap-northeast-1",
          "S3Key": "a72522445441e9b66c2f16956c54d4786af8c61c156b80c48a6e7c32fcc49023.zip",
        },
        "Description": "/opt/awscli/aws",
      },
      "Type": "AWS::Lambda::LayerVersion",
    },
    "LabsSpaDeploymentCustomResource6744D6E7": {
      "DeletionPolicy": "Delete",
      "Properties": {
        "DestinationBucketKeyPrefix": "labs",
        "DestinationBucketName": {
          "Ref": "LabsSpaBucketD4EEFDA2",
        },
        "DistributionId": {
          "Ref": "AdminDistribution4E89F8C0",
        },
        "DistributionPaths": [
          "/labs/*",
        ],
        "OutputObjectKeys": true,
        "Prune": true,
        "ServiceToken": {
          "Fn::GetAtt": [
            "CustomCDKBucketDeployment8693BB64968944B69AAFB0CC9EB8756C81C01536",
            "Arn",
          ],
        },
        "SourceBucketNames": [
          "cdk-hnb659fds-assets-123456789012-ap-northeast-1",
        ],
        "SourceObjectKeys": [
          "6c2dd40405032b027f9fcb908ae9be5a0102bd8c871174d4160d4a82bc82a4c8.zip",
        ],
        "WaitForDistributionInvalidation": true,
      },
      "Type": "Custom::CDKBucketDeployment",
      "UpdateReplacePolicy": "Delete",
    },
    "SpaBucket48E1059F": {
      "DeletionPolicy": "Delete",
      "Properties": {
        "BucketEncryption": {
          "ServerSideEncryptionConfiguration": [
            {
              "ServerSideEncryptionByDefault": {
                "SSEAlgorithm": "AES256",
              },
            },
          ],
        },
        "PublicAccessBlockConfiguration": {
          "BlockPublicAcls": true,
          "BlockPublicPolicy": true,
          "IgnorePublicAcls": true,
          "RestrictPublicBuckets": true,
        },
        "Tags": [
          {
            "Key": "aws-cdk:auto-delete-objects",
            "Value": "true",
          },
          {
            "Key": "aws-cdk:cr-owned:15af6fcb",
            "Value": "true",
          },
        ],
      },
      "Type": "AWS::S3::Bucket",
      "UpdateReplacePolicy": "Delete",
    },
    "SpaBucketAutoDeleteObjectsCustomResourceDCF3398A": {
      "DeletionPolicy": "Delete",
      "DependsOn": [
        "SpaBucketPolicy77D96634",
      ],
      "Properties": {
        "BucketName": {
          "Ref": "SpaBucket48E1059F",
        },
        "ServiceToken": {
          "Fn::GetAtt": [
            "CustomS3AutoDeleteObjectsCustomResourceProviderHandler9D90184F",
            "Arn",
          ],
        },
      },
      "Type": "Custom::S3AutoDeleteObjects",
      "UpdateReplacePolicy": "Delete",
    },
    "SpaBucketPolicy77D96634": {
      "Properties": {
        "Bucket": {
          "Ref": "SpaBucket48E1059F",
        },
        "PolicyDocument": {
          "Statement": [
            {
              "Action": "s3:*",
              "Condition": {
                "Bool": {
                  "aws:SecureTransport": "false",
                },
              },
              "Effect": "Deny",
              "Principal": {
                "AWS": "*",
              },
              "Resource": [
                {
                  "Fn::GetAtt": [
                    "SpaBucket48E1059F",
                    "Arn",
                  ],
                },
                {
                  "Fn::Join": [
                    "",
                    [
                      {
                        "Fn::GetAtt": [
                          "SpaBucket48E1059F",
                          "Arn",
                        ],
                      },
                      "/*",
                    ],
                  ],
                },
              ],
            },
            {
              "Action": [
                "s3:PutBucketPolicy",
                "s3:GetBucket*",
                "s3:List*",
                "s3:DeleteObject*",
              ],
              "Effect": "Allow",
              "Principal": {
                "AWS": {
                  "Fn::GetAtt": [
                    "CustomS3AutoDeleteObjectsCustomResourceProviderRole3B1BD092",
                    "Arn",
                  ],
                },
              },
              "Resource": [
                {
                  "Fn::GetAtt": [
                    "SpaBucket48E1059F",
                    "Arn",
                  ],
                },
                {
                  "Fn::Join": [
                    "",
                    [
                      {
                        "Fn::GetAtt": [
                          "SpaBucket48E1059F",
                          "Arn",
                        ],
                      },
                      "/*",
                    ],
                  ],
                },
              ],
            },
            {
              "Action": "s3:GetObject",
              "Condition": {
                "StringEquals": {
                  "AWS:SourceArn": {
                    "Fn::Join": [
                      "",
                      [
                        "arn:",
                        {
                          "Ref": "AWS::Partition",
                        },
                        ":cloudfront::",
                        {
                          "Ref": "AWS::AccountId",
                        },
                        ":distribution/",
                        {
                          "Ref": "AdminDistribution4E89F8C0",
                        },
                      ],
                    ],
                  },
                },
              },
              "Effect": "Allow",
              "Principal": {
                "Service": "cloudfront.amazonaws.com",
              },
              "Resource": {
                "Fn::Join": [
                  "",
                  [
                    {
                      "Fn::GetAtt": [
                        "SpaBucket48E1059F",
                        "Arn",
                      ],
                    },
                    "/*",
                  ],
                ],
              },
            },
          ],
          "Version": "2012-10-17",
        },
      },
      "Type": "AWS::S3::BucketPolicy",
    },
    "SpaDeploymentAwsCliLayer0A2A7D9B": {
      "Properties": {
        "Content": {
          "S3Bucket": "cdk-hnb659fds-assets-123456789012-ap-northeast-1",
          "S3Key": "a72522445441e9b66c2f16956c54d4786af8c61c156b80c48a6e7c32fcc49023.zip",
        },
        "Description": "/opt/awscli/aws",
      },
      "Type": "AWS::Lambda::LayerVersion",
    },
    "SpaDeploymentCustomResourceB63B8AFC": {
      "DeletionPolicy": "Delete",
      "Properties": {
        "DestinationBucketName": {
          "Ref": "SpaBucket48E1059F",
        },
        "DistributionId": {
          "Ref": "AdminDistribution4E89F8C0",
        },
        "DistributionPaths": [
          "/*",
        ],
        "OutputObjectKeys": true,
        "Prune": true,
        "ServiceToken": {
          "Fn::GetAtt": [
            "CustomCDKBucketDeployment8693BB64968944B69AAFB0CC9EB8756C81C01536",
            "Arn",
          ],
        },
        "SourceBucketNames": [
          "cdk-hnb659fds-assets-123456789012-ap-northeast-1",
        ],
        "SourceObjectKeys": [
          "91c41673c84c45c523060a50d286fc8dd927c34053943053c78986a441a581d9.zip",
        ],
        "WaitForDistributionInvalidation": true,
      },
      "Type": "Custom::CDKBucketDeployment",
      "UpdateReplacePolicy": "Delete",
    },
    "UserPoolClientIdParam5DF0EADC": {
      "Properties": {
        "Name": "/test/admin/user-pool-client-id",
        "Type": "String",
        "Value": {
          "Ref": "AdminUserPoolAdminSpaClientAB5C065F",
        },
      },
      "Type": "AWS::SSM::Parameter",
    },
    "UserPoolIdParam81D6760E": {
      "Properties": {
        "Name": "/test/admin/user-pool-id",
        "Type": "String",
        "Value": {
          "Ref": "AdminUserPoolD0AF18CF",
        },
      },
      "Type": "AWS::SSM::Parameter",
    },
    "VirginiaCertArnLookupB0A388AA": {
      "DeletionPolicy": "Delete",
      "DependsOn": [
        "VirginiaCertArnLookupCustomResourcePolicy0D3EDDE9",
      ],
      "Properties": {
        "Create": "{"service":"SSM","action":"GetParameter","parameters":{"Name":"/test/virginia/certificate-arn"},"region":"us-east-1","physicalResourceId":{"id":"us-east-1:/test/virginia/certificate-arn"}}",
        "InstallLatestAwsSdk": true,
        "ServiceToken": {
          "Fn::GetAtt": [
            "AWS679f53fac002430cb0da5b7982bd22872D164C4C",
            "Arn",
          ],
        },
        "Update": "{"service":"SSM","action":"GetParameter","parameters":{"Name":"/test/virginia/certificate-arn"},"region":"us-east-1","physicalResourceId":{"id":"us-east-1:/test/virginia/certificate-arn"}}",
      },
      "Type": "Custom::AWS",
      "UpdateReplacePolicy": "Delete",
    },
    "VirginiaCertArnLookupCustomResourcePolicy0D3EDDE9": {
      "Properties": {
        "PolicyDocument": {
          "Statement": [
            {
              "Action": "ssm:GetParameter",
              "Effect": "Allow",
              "Resource": {
                "Fn::Join": [
                  "",
                  [
                    "arn:aws:ssm:us-east-1:",
                    {
                      "Ref": "AWS::AccountId",
                    },
                    ":parameter/test/virginia/certificate-arn",
                  ],
                ],
              },
            },
          ],
          "Version": "2012-10-17",
        },
        "PolicyName": "VirginiaCertArnLookupCustomResourcePolicy0D3EDDE9",
        "Roles": [
          {
            "Ref": "AWS679f53fac002430cb0da5b7982bd2287ServiceRoleC1EA0FF2",
          },
        ],
      },
      "Type": "AWS::IAM::Policy",
    },
  },
  "Rules": {
    "CheckBootstrapVersion": {
      "Assertions": [
        {
          "Assert": {
            "Fn::Not": [
              {
                "Fn::Contains": [
                  [
                    "1",
                    "2",
                    "3",
                    "4",
                    "5",
                  ],
                  {
                    "Ref": "BootstrapVersion",
                  },
                ],
              },
            ],
          },
          "AssertDescription": "CDK bootstrap stack version 6 required. Please run 'cdk bootstrap' with a recent version of the CDK CLI.",
        },
      ],
    },
  },
}
`;

exports[`VirginiaCertificateStack > snapshot 1`] = `
{
  "Parameters": {
    "BootstrapVersion": {
      "Default": "/cdk-bootstrap/hnb659fds/version",
      "Description": "Version of the CDK Bootstrap resources in this environment, automatically retrieved from SSM Parameter Store. [cdk:skip]",
      "Type": "AWS::SSM::Parameter::Value<String>",
    },
  },
  "Resources": {
    "AWS679f53fac002430cb0da5b7982bd22872D164C4C": {
      "DependsOn": [
        "AWS679f53fac002430cb0da5b7982bd2287ServiceRoleC1EA0FF2",
      ],
      "Properties": {
        "Code": {
          "S3Bucket": "cdk-hnb659fds-assets-123456789012-us-east-1",
          "S3Key": "9b8fce7ae7f25ef82fdbaf6b72523b99d0875c0c9c826642819fb51f11d9b125.zip",
        },
        "Handler": "index.handler",
        "Role": {
          "Fn::GetAtt": [
            "AWS679f53fac002430cb0da5b7982bd2287ServiceRoleC1EA0FF2",
            "Arn",
          ],
        },
        "Runtime": "nodejs24.x",
        "Timeout": 120,
      },
      "Type": "AWS::Lambda::Function",
    },
    "AWS679f53fac002430cb0da5b7982bd2287ServiceRoleC1EA0FF2": {
      "Properties": {
        "AssumeRolePolicyDocument": {
          "Statement": [
            {
              "Action": "sts:AssumeRole",
              "Effect": "Allow",
              "Principal": {
                "Service": "lambda.amazonaws.com",
              },
            },
          ],
          "Version": "2012-10-17",
        },
        "ManagedPolicyArns": [
          {
            "Fn::Join": [
              "",
              [
                "arn:",
                {
                  "Ref": "AWS::Partition",
                },
                ":iam::aws:policy/service-role/AWSLambdaBasicExecutionRole",
              ],
            ],
          },
        ],
      },
      "Type": "AWS::IAM::Role",
    },
    "HostedZoneIdLookup1CDBE703": {
      "DeletionPolicy": "Delete",
      "DependsOn": [
        "HostedZoneIdLookupCustomResourcePolicy2D354806",
      ],
      "Properties": {
        "Create": "{"service":"SSM","action":"GetParameter","parameters":{"Name":"/test/hosted-zone-id"},"region":"ap-northeast-1","physicalResourceId":{"id":"ap-northeast-1:/test/hosted-zone-id"}}",
        "InstallLatestAwsSdk": true,
        "ServiceToken": {
          "Fn::GetAtt": [
            "AWS679f53fac002430cb0da5b7982bd22872D164C4C",
            "Arn",
          ],
        },
        "Update": "{"service":"SSM","action":"GetParameter","parameters":{"Name":"/test/hosted-zone-id"},"region":"ap-northeast-1","physicalResourceId":{"id":"ap-northeast-1:/test/hosted-zone-id"}}",
      },
      "Type": "Custom::AWS",
      "UpdateReplacePolicy": "Delete",
    },
    "HostedZoneIdLookupCustomResourcePolicy2D354806": {
      "Properties": {
        "PolicyDocument": {
          "Statement": [
            {
              "Action": "ssm:GetParameter",
              "Effect": "Allow",
              "Resource": {
                "Fn::Join": [
                  "",
                  [
                    "arn:aws:ssm:ap-northeast-1:",
                    {
                      "Ref": "AWS::AccountId",
                    },
                    ":parameter/test/hosted-zone-id",
                  ],
                ],
              },
            },
          ],
          "Version": "2012-10-17",
        },
        "PolicyName": "HostedZoneIdLookupCustomResourcePolicy2D354806",
        "Roles": [
          {
            "Ref": "AWS679f53fac002430cb0da5b7982bd2287ServiceRoleC1EA0FF2",
          },
        ],
      },
      "Type": "AWS::IAM::Policy",
    },
    "VirginiaCertificateArnParameterE9DB6DA4": {
      "Properties": {
        "Name": "/test/virginia/certificate-arn",
        "Type": "String",
        "Value": {
          "Ref": "VirginiaCertificateC4FAA3DE",
        },
      },
      "Type": "AWS::SSM::Parameter",
    },
    "VirginiaCertificateC4FAA3DE": {
      "Properties": {
        "DomainName": "admin.example.com",
        "DomainValidationOptions": [
          {
            "DomainName": "admin.example.com",
            "HostedZoneId": {
              "Fn::GetAtt": [
                "HostedZoneIdLookup1CDBE703",
                "Parameter.Value",
              ],
            },
          },
          {
            "DomainName": "images.example.com",
            "HostedZoneId": {
              "Fn::GetAtt": [
                "HostedZoneIdLookup1CDBE703",
                "Parameter.Value",
              ],
            },
          },
        ],
        "SubjectAlternativeNames": [
          "images.example.com",
        ],
        "Tags": [
          {
            "Key": "Name",
            "Value": "TestVirginiaCertificateStack/VirginiaCertificate",
          },
        ],
        "ValidationMethod": "DNS",
      },
      "Type": "AWS::CertificateManager::Certificate",
    },
  },
  "Rules": {
    "CheckBootstrapVersion": {
      "Assertions": [
        {
          "Assert": {
            "Fn::Not": [
              {
                "Fn::Contains": [
                  [
                    "1",
                    "2",
                    "3",
                    "4",
                    "5",
                  ],
                  {
                    "Ref": "BootstrapVersion",
                  },
                ],
              },
            ],
          },
          "AssertDescription": "CDK bootstrap stack version 6 required. Please run 'cdk bootstrap' with a recent version of the CDK CLI.",
        },
      ],
    },
  },
}
`;
