// Vitest Snapshot v1, https://vitest.dev/guide/snapshot.html

exports[`TidbProxyLogAnalyticsStack > snapshot 1`] = `
{
  "Parameters": {
    "BootstrapVersion": {
      "Default": "/cdk-bootstrap/hnb659fds/version",
      "Description": "Version of the CDK Bootstrap resources in this environment, automatically retrieved from SSM Parameter Store. [cdk:skip]",
      "Type": "AWS::SSM::Parameter::Value<String>",
    },
    "SsmParameterValuetidbproxyproxyloggroupnameC96584B6F00A464EAD1953AFF4B05118Parameter": {
      "Default": "/tidb-proxy/proxy/log-group-name",
      "Type": "AWS::SSM::Parameter::Value<String>",
    },
    "SsmParameterValuetidbproxyproxytaskroleC96584B6F00A464EAD1953AFF4B05118Parameter": {
      "Default": "/tidb-proxy/proxy/task-role",
      "Type": "AWS::SSM::Parameter::Value<String>",
    },
  },
  "Resources": {
    "CustomCDKBucketDeployment8693BB64968944B69AAFB0CC9EB8756C81C01536": {
      "DependsOn": [
        "CustomCDKBucketDeployment8693BB64968944B69AAFB0CC9EB8756CServiceRoleDefaultPolicy88902FDF",
        "CustomCDKBucketDeployment8693BB64968944B69AAFB0CC9EB8756CServiceRole89A01265",
      ],
      "Properties": {
        "Code": {
          "S3Bucket": "cdk-hnb659fds-assets-123456789012-ap-northeast-1",
          "S3Key": "97e9ebf0b174a5c8f7faa505739022b7f509edddffcab9211dcd08b759944c4f.zip",
        },
        "Environment": {
          "Variables": {
            "AWS_CA_BUNDLE": "/etc/pki/ca-trust/extracted/pem/tls-ca-bundle.pem",
          },
        },
        "Handler": "index.handler",
        "Layers": [
          {
            "Ref": "LogAnalyticsFirelensConfigDeploymentAwsCliLayerCA89C6AA",
          },
        ],
        "Role": {
          "Fn::GetAtt": [
            "CustomCDKBucketDeployment8693BB64968944B69AAFB0CC9EB8756CServiceRole89A01265",
            "Arn",
          ],
        },
        "Runtime": "python3.13",
        "Timeout": 900,
      },
      "Type": "AWS::Lambda::Function",
    },
    "CustomCDKBucketDeployment8693BB64968944B69AAFB0CC9EB8756CServiceRole89A01265": {
      "Properties": {
        "AssumeRolePolicyDocument": {
          "Statement": [
            {
              "Action": "sts:AssumeRole",
              "Effect": "Allow",
              "Principal": {
                "Service": "lambda.amazonaws.com",
              },
            },
          ],
          "Version": "2012-10-17",
        },
        "ManagedPolicyArns": [
          {
            "Fn::Join": [
              "",
              [
                "arn:",
                {
                  "Ref": "AWS::Partition",
                },
                ":iam::aws:policy/service-role/AWSLambdaBasicExecutionRole",
              ],
            ],
          },
        ],
      },
      "Type": "AWS::IAM::Role",
    },
    "CustomCDKBucketDeployment8693BB64968944B69AAFB0CC9EB8756CServiceRoleDefaultPolicy88902FDF": {
      "Properties": {
        "PolicyDocument": {
          "Statement": [
            {
              "Action": [
                "s3:GetObject*",
                "s3:GetBucket*",
                "s3:List*",
              ],
              "Effect": "Allow",
              "Resource": [
                {
                  "Fn::Join": [
                    "",
                    [
                      "arn:",
                      {
                        "Ref": "AWS::Partition",
                      },
                      ":s3:::cdk-hnb659fds-assets-123456789012-ap-northeast-1",
                    ],
                  ],
                },
                {
                  "Fn::Join": [
                    "",
                    [
                      "arn:",
                      {
                        "Ref": "AWS::Partition",
                      },
                      ":s3:::cdk-hnb659fds-assets-123456789012-ap-northeast-1/*",
                    ],
                  ],
                },
              ],
            },
            {
              "Action": [
                "s3:GetObject*",
                "s3:GetBucket*",
                "s3:List*",
                "s3:DeleteObject*",
                "s3:PutObject",
                "s3:PutObjectLegalHold",
                "s3:PutObjectRetention",
                "s3:PutObjectTagging",
                "s3:PutObjectVersionTagging",
                "s3:Abort*",
              ],
              "Effect": "Allow",
              "Resource": [
                {
                  "Fn::GetAtt": [
                    "LogAnalyticsLogsBucket18E6FEA3",
                    "Arn",
                  ],
                },
                {
                  "Fn::Join": [
                    "",
                    [
                      {
                        "Fn::GetAtt": [
                          "LogAnalyticsLogsBucket18E6FEA3",
                          "Arn",
                        ],
                      },
                      "/*",
                    ],
                  ],
                },
              ],
            },
          ],
          "Version": "2012-10-17",
        },
        "PolicyName": "CustomCDKBucketDeployment8693BB64968944B69AAFB0CC9EB8756CServiceRoleDefaultPolicy88902FDF",
        "Roles": [
          {
            "Ref": "CustomCDKBucketDeployment8693BB64968944B69AAFB0CC9EB8756CServiceRole89A01265",
          },
        ],
      },
      "Type": "AWS::IAM::Policy",
    },
    "CustomS3AutoDeleteObjectsCustomResourceProviderHandler9D90184F": {
      "DependsOn": [
        "CustomS3AutoDeleteObjectsCustomResourceProviderRole3B1BD092",
      ],
      "Properties": {
        "Code": {
          "S3Bucket": "cdk-hnb659fds-assets-123456789012-ap-northeast-1",
          "S3Key": "faa95a81ae7d7373f3e1f242268f904eb748d8d0fdd306e8a6fe515a1905a7d6.zip",
        },
        "Description": {
          "Fn::Join": [
            "",
            [
              "Lambda function for auto-deleting objects in ",
              {
                "Ref": "LogAnalyticsLogsBucket18E6FEA3",
              },
              " S3 bucket.",
            ],
          ],
        },
        "Handler": "index.handler",
        "MemorySize": 128,
        "Role": {
          "Fn::GetAtt": [
            "CustomS3AutoDeleteObjectsCustomResourceProviderRole3B1BD092",
            "Arn",
          ],
        },
        "Runtime": "nodejs24.x",
        "Timeout": 900,
      },
      "Type": "AWS::Lambda::Function",
    },
    "CustomS3AutoDeleteObjectsCustomResourceProviderRole3B1BD092": {
      "Properties": {
        "AssumeRolePolicyDocument": {
          "Statement": [
            {
              "Action": "sts:AssumeRole",
              "Effect": "Allow",
              "Principal": {
                "Service": "lambda.amazonaws.com",
              },
            },
          ],
          "Version": "2012-10-17",
        },
        "ManagedPolicyArns": [
          {
            "Fn::Sub": "arn:\${AWS::Partition}:iam::aws:policy/service-role/AWSLambdaBasicExecutionRole",
          },
        ],
      },
      "Type": "AWS::IAM::Role",
    },
    "LogAnalyticsDeliveryStream3CF1E4D2": {
      "DependsOn": [
        "LogAnalyticsFirehoseRoleDefaultPolicyC43ECF09",
        "LogAnalyticsLogsTable3388531E",
      ],
      "Properties": {
        "DeliveryStreamEncryptionConfigurationInput": {
          "KeyType": "AWS_OWNED_CMK",
        },
        "DeliveryStreamName": "tidb-proxy-logs",
        "DeliveryStreamType": "DirectPut",
        "IcebergDestinationConfiguration": {
          "AppendOnly": true,
          "BufferingHints": {
            "IntervalInSeconds": 900,
            "SizeInMBs": 64,
          },
          "CatalogConfiguration": {
            "CatalogArn": {
              "Fn::Join": [
                "",
                [
                  "arn:aws:glue:",
                  {
                    "Ref": "AWS::Region",
                  },
                  ":",
                  {
                    "Ref": "AWS::AccountId",
                  },
                  ":catalog",
                ],
              ],
            },
          },
          "CloudWatchLoggingOptions": {
            "Enabled": true,
            "LogGroupName": {
              "Ref": "LogAnalyticsFirehoseLogGroupF129BBE2",
            },
            "LogStreamName": {
              "Ref": "LogAnalyticsFirehoseLogStream196AE168",
            },
          },
          "DestinationTableConfigurationList": [
            {
              "DestinationDatabaseName": "tidb_proxy_logs",
              "DestinationTableName": "logs",
            },
          ],
          "RoleARN": {
            "Fn::GetAtt": [
              "LogAnalyticsFirehoseRoleCC3FD088",
              "Arn",
            ],
          },
          "S3Configuration": {
            "BucketARN": {
              "Fn::GetAtt": [
                "LogAnalyticsLogsBucket18E6FEA3",
                "Arn",
              ],
            },
            "ErrorOutputPrefix": "firehose-errors/",
            "RoleARN": {
              "Fn::GetAtt": [
                "LogAnalyticsFirehoseRoleCC3FD088",
                "Arn",
              ],
            },
          },
          "s3BackupMode": "FailedDataOnly",
        },
      },
      "Type": "AWS::KinesisFirehose::DeliveryStream",
    },
    "LogAnalyticsDeliveryStreamNameParam42051B55": {
      "Properties": {
        "Name": "/tidb-proxy/logs/delivery-stream-name",
        "Type": "String",
        "Value": "tidb-proxy-logs",
      },
      "Type": "AWS::SSM::Parameter",
    },
    "LogAnalyticsDeniedOrErrorAccessQuery4ECCAA2A": {
      "DependsOn": [
        "LogAnalyticsWorkGroupFB93F96A",
      ],
      "Properties": {
        "Database": "tidb_proxy_logs",
        "Description": "拒否 (TCP_DENIED) と HTTP 4xx/5xx のアクセス検出。squid の egress 制限に引っかかった通信の調査用。時刻は JST",
        "Name": "denied-or-error-access",
        "QueryString": "SELECT format_datetime(from_iso8601_timestamp(ts) AT TIME ZONE 'Asia/Tokyo', 'yyyy-MM-dd HH:mm:ss') AS ts_jst,
       client_ip, method, url, status, squid_status, user_agent
FROM logs
WHERE log_type = 'squid_access'
  AND client_ip <> '127.0.0.1'
  AND (status >= 400 OR squid_status LIKE 'TCP_DENIED%')
ORDER BY ts DESC
LIMIT 100",
        "WorkGroup": "tidb-proxy-logs",
      },
      "Type": "AWS::Athena::NamedQuery",
    },
    "LogAnalyticsDestinationSummaryQuery07B018A9": {
      "DependsOn": [
        "LogAnalyticsWorkGroupFB93F96A",
      ],
      "Properties": {
        "Database": "tidb_proxy_logs",
        "Description": "直近7日の外部通信の宛先別サマリ (egress 監査用)。想定外の宛先への phone-home 検知に使う。時刻は JST",
        "Name": "destination-summary-7d",
        "QueryString": "SELECT url AS destination,
       count(*) AS requests,
       count_if(status >= 400) AS errors,
       sum(bytes_in) AS bytes_in,
       sum(bytes_out) AS bytes_out,
       round(avg(duration_ms)) AS avg_ms,
       format_datetime(from_iso8601_timestamp(max(ts)) AT TIME ZONE 'Asia/Tokyo', 'yyyy-MM-dd HH:mm:ss') AS last_seen_jst
FROM logs
WHERE log_type = 'squid_access'
  AND client_ip <> '127.0.0.1'
  AND from_iso8601_timestamp(ts) > current_timestamp - interval '7' day
GROUP BY url
ORDER BY requests DESC
LIMIT 50",
        "WorkGroup": "tidb-proxy-logs",
      },
      "Type": "AWS::Athena::NamedQuery",
    },
    "LogAnalyticsFirehoseLogGroupF129BBE2": {
      "DeletionPolicy": "Delete",
      "Properties": {
        "LogGroupName": "/aws/kinesisfirehose/tidb-proxy-logs",
        "RetentionInDays": 14,
      },
      "Type": "AWS::Logs::LogGroup",
      "UpdateReplacePolicy": "Delete",
    },
    "LogAnalyticsFirehoseLogStream196AE168": {
      "DeletionPolicy": "Retain",
      "Properties": {
        "LogGroupName": {
          "Ref": "LogAnalyticsFirehoseLogGroupF129BBE2",
        },
        "LogStreamName": "iceberg-delivery",
      },
      "Type": "AWS::Logs::LogStream",
      "UpdateReplacePolicy": "Retain",
    },
    "LogAnalyticsFirehoseRoleCC3FD088": {
      "Properties": {
        "AssumeRolePolicyDocument": {
          "Statement": [
            {
              "Action": "sts:AssumeRole",
              "Effect": "Allow",
              "Principal": {
                "Service": "firehose.amazonaws.com",
              },
            },
          ],
          "Version": "2012-10-17",
        },
        "RoleName": "tidb-proxy-logs-firehose",
      },
      "Type": "AWS::IAM::Role",
    },
    "LogAnalyticsFirehoseRoleDefaultPolicyC43ECF09": {
      "Properties": {
        "PolicyDocument": {
          "Statement": [
            {
              "Action": [
                "glue:GetDatabase",
                "glue:GetTable",
                "glue:GetTableVersions",
                "glue:UpdateTable",
              ],
              "Effect": "Allow",
              "Resource": [
                {
                  "Fn::Join": [
                    "",
                    [
                      "arn:aws:glue:",
                      {
                        "Ref": "AWS::Region",
                      },
                      ":",
                      {
                        "Ref": "AWS::AccountId",
                      },
                      ":catalog",
                    ],
                  ],
                },
                {
                  "Fn::Join": [
                    "",
                    [
                      "arn:aws:glue:",
                      {
                        "Ref": "AWS::Region",
                      },
                      ":",
                      {
                        "Ref": "AWS::AccountId",
                      },
                      ":database/tidb_proxy_logs",
                    ],
                  ],
                },
                {
                  "Fn::Join": [
                    "",
                    [
                      "arn:aws:glue:",
                      {
                        "Ref": "AWS::Region",
                      },
                      ":",
                      {
                        "Ref": "AWS::AccountId",
                      },
                      ":table/tidb_proxy_logs/logs",
                    ],
                  ],
                },
              ],
            },
            {
              "Action": [
                "s3:GetObject*",
                "s3:GetBucket*",
                "s3:List*",
                "s3:DeleteObject*",
                "s3:PutObject",
                "s3:PutObjectLegalHold",
                "s3:PutObjectRetention",
                "s3:PutObjectTagging",
                "s3:PutObjectVersionTagging",
                "s3:Abort*",
              ],
              "Effect": "Allow",
              "Resource": [
                {
                  "Fn::GetAtt": [
                    "LogAnalyticsLogsBucket18E6FEA3",
                    "Arn",
                  ],
                },
                {
                  "Fn::Join": [
                    "",
                    [
                      {
                        "Fn::GetAtt": [
                          "LogAnalyticsLogsBucket18E6FEA3",
                          "Arn",
                        ],
                      },
                      "/*",
                    ],
                  ],
                },
              ],
            },
            {
              "Action": "logs:PutLogEvents",
              "Effect": "Allow",
              "Resource": {
                "Fn::GetAtt": [
                  "LogAnalyticsFirehoseLogGroupF129BBE2",
                  "Arn",
                ],
              },
            },
          ],
          "Version": "2012-10-17",
        },
        "PolicyName": "LogAnalyticsFirehoseRoleDefaultPolicyC43ECF09",
        "Roles": [
          {
            "Ref": "LogAnalyticsFirehoseRoleCC3FD088",
          },
        ],
      },
      "Type": "AWS::IAM::Policy",
    },
    "LogAnalyticsFirelensConfigDeploymentAwsCliLayerCA89C6AA": {
      "Properties": {
        "Content": {
          "S3Bucket": "cdk-hnb659fds-assets-123456789012-ap-northeast-1",
          "S3Key": "a72522445441e9b66c2f16956c54d4786af8c61c156b80c48a6e7c32fcc49023.zip",
        },
        "Description": "/opt/awscli/aws",
      },
      "Type": "AWS::Lambda::LayerVersion",
    },
    "LogAnalyticsFirelensConfigDeploymentCustomResource5F82A7D3": {
      "DeletionPolicy": "Delete",
      "Properties": {
        "DestinationBucketKeyPrefix": "firelens-config",
        "DestinationBucketName": {
          "Ref": "LogAnalyticsLogsBucket18E6FEA3",
        },
        "OutputObjectKeys": true,
        "Prune": true,
        "ServiceToken": {
          "Fn::GetAtt": [
            "CustomCDKBucketDeployment8693BB64968944B69AAFB0CC9EB8756C81C01536",
            "Arn",
          ],
        },
        "SourceBucketNames": [
          "cdk-hnb659fds-assets-123456789012-ap-northeast-1",
        ],
        "SourceObjectKeys": [
          "096e4a91607a23dc550cc328e66c81da6db1497ca68d7b67b9bf9747bc4fcb80.zip",
        ],
        "WaitForDistributionInvalidation": true,
      },
      "Type": "Custom::CDKBucketDeployment",
      "UpdateReplacePolicy": "Delete",
    },
    "LogAnalyticsFirelensConfigS3ArnPrefixParam5A1A0099": {
      "Properties": {
        "Name": "/tidb-proxy/logs/firelens-config-s3-arn-prefix",
        "Type": "String",
        "Value": {
          "Fn::Join": [
            "",
            [
              {
                "Fn::GetAtt": [
                  "LogAnalyticsLogsBucket18E6FEA3",
                  "Arn",
                ],
              },
              "/firelens-config",
            ],
          ],
        },
      },
      "Type": "AWS::SSM::Parameter",
    },
    "LogAnalyticsGlueDatabaseE7A272FA": {
      "Properties": {
        "CatalogId": {
          "Ref": "AWS::AccountId",
        },
        "DatabaseInput": {
          "Name": "tidb_proxy_logs",
        },
      },
      "Type": "AWS::Glue::Database",
    },
    "LogAnalyticsImportedTidbProxyTaskRolePolicyF6EDB428": {
      "Properties": {
        "PolicyDocument": {
          "Statement": [
            {
              "Action": "firehose:PutRecordBatch",
              "Effect": "Allow",
              "Resource": {
                "Fn::GetAtt": [
                  "LogAnalyticsDeliveryStream3CF1E4D2",
                  "Arn",
                ],
              },
            },
            {
              "Action": "s3:GetObject",
              "Effect": "Allow",
              "Resource": {
                "Fn::Join": [
                  "",
                  [
                    {
                      "Fn::GetAtt": [
                        "LogAnalyticsLogsBucket18E6FEA3",
                        "Arn",
                      ],
                    },
                    "/firelens-config/*",
                  ],
                ],
              },
            },
            {
              "Action": "s3:GetBucketLocation",
              "Effect": "Allow",
              "Resource": {
                "Fn::GetAtt": [
                  "LogAnalyticsLogsBucket18E6FEA3",
                  "Arn",
                ],
              },
            },
            {
              "Action": [
                "logs:CreateLogStream",
                "logs:DescribeLogStreams",
                "logs:PutLogEvents",
              ],
              "Effect": "Allow",
              "Resource": {
                "Fn::Join": [
                  "",
                  [
                    "arn:aws:logs:",
                    {
                      "Ref": "AWS::Region",
                    },
                    ":",
                    {
                      "Ref": "AWS::AccountId",
                    },
                    ":log-group:",
                    {
                      "Ref": "SsmParameterValuetidbproxyproxyloggroupnameC96584B6F00A464EAD1953AFF4B05118Parameter",
                    },
                    ":*",
                  ],
                ],
              },
            },
          ],
          "Version": "2012-10-17",
        },
        "PolicyName": "LogAnalyticsImportedTidbProxyTaskRolePolicyF6EDB428",
        "Roles": [
          {
            "Fn::Select": [
              1,
              {
                "Fn::Split": [
                  "/",
                  {
                    "Fn::Select": [
                      5,
                      {
                        "Fn::Split": [
                          ":",
                          {
                            "Ref": "SsmParameterValuetidbproxyproxytaskroleC96584B6F00A464EAD1953AFF4B05118Parameter",
                          },
                        ],
                      },
                    ],
                  },
                ],
              },
            ],
          },
        ],
      },
      "Type": "AWS::IAM::Policy",
    },
    "LogAnalyticsLogsBucket18E6FEA3": {
      "DeletionPolicy": "Delete",
      "Properties": {
        "BucketEncryption": {
          "ServerSideEncryptionConfiguration": [
            {
              "ServerSideEncryptionByDefault": {
                "SSEAlgorithm": "AES256",
              },
            },
          ],
        },
        "BucketName": {
          "Fn::Join": [
            "",
            [
              "tidb-proxy-logs-",
              {
                "Ref": "AWS::AccountId",
              },
            ],
          ],
        },
        "LifecycleConfiguration": {
          "Rules": [
            {
              "ExpirationInDays": 30,
              "Id": "expire-firehose-errors",
              "Prefix": "firehose-errors/",
              "Status": "Enabled",
            },
            {
              "ExpirationInDays": 7,
              "Id": "expire-athena-results",
              "Prefix": "athena-results/",
              "Status": "Enabled",
            },
          ],
        },
        "PublicAccessBlockConfiguration": {
          "BlockPublicAcls": true,
          "BlockPublicPolicy": true,
          "IgnorePublicAcls": true,
          "RestrictPublicBuckets": true,
        },
        "Tags": [
          {
            "Key": "aws-cdk:auto-delete-objects",
            "Value": "true",
          },
          {
            "Key": "aws-cdk:cr-owned:firelens-config:27a86f05",
            "Value": "true",
          },
        ],
      },
      "Type": "AWS::S3::Bucket",
      "UpdateReplacePolicy": "Delete",
    },
    "LogAnalyticsLogsBucketAutoDeleteObjectsCustomResource042AA952": {
      "DeletionPolicy": "Delete",
      "DependsOn": [
        "LogAnalyticsLogsBucketPolicy6C31A885",
      ],
      "Properties": {
        "BucketName": {
          "Ref": "LogAnalyticsLogsBucket18E6FEA3",
        },
        "ServiceToken": {
          "Fn::GetAtt": [
            "CustomS3AutoDeleteObjectsCustomResourceProviderHandler9D90184F",
            "Arn",
          ],
        },
      },
      "Type": "Custom::S3AutoDeleteObjects",
      "UpdateReplacePolicy": "Delete",
    },
    "LogAnalyticsLogsBucketPolicy6C31A885": {
      "Properties": {
        "Bucket": {
          "Ref": "LogAnalyticsLogsBucket18E6FEA3",
        },
        "PolicyDocument": {
          "Statement": [
            {
              "Action": "s3:*",
              "Condition": {
                "Bool": {
                  "aws:SecureTransport": "false",
                },
              },
              "Effect": "Deny",
              "Principal": {
                "AWS": "*",
              },
              "Resource": [
                {
                  "Fn::GetAtt": [
                    "LogAnalyticsLogsBucket18E6FEA3",
                    "Arn",
                  ],
                },
                {
                  "Fn::Join": [
                    "",
                    [
                      {
                        "Fn::GetAtt": [
                          "LogAnalyticsLogsBucket18E6FEA3",
                          "Arn",
                        ],
                      },
                      "/*",
                    ],
                  ],
                },
              ],
            },
            {
              "Action": [
                "s3:PutBucketPolicy",
                "s3:GetBucket*",
                "s3:List*",
                "s3:DeleteObject*",
              ],
              "Effect": "Allow",
              "Principal": {
                "AWS": {
                  "Fn::GetAtt": [
                    "CustomS3AutoDeleteObjectsCustomResourceProviderRole3B1BD092",
                    "Arn",
                  ],
                },
              },
              "Resource": [
                {
                  "Fn::GetAtt": [
                    "LogAnalyticsLogsBucket18E6FEA3",
                    "Arn",
                  ],
                },
                {
                  "Fn::Join": [
                    "",
                    [
                      {
                        "Fn::GetAtt": [
                          "LogAnalyticsLogsBucket18E6FEA3",
                          "Arn",
                        ],
                      },
                      "/*",
                    ],
                  ],
                },
              ],
            },
          ],
          "Version": "2012-10-17",
        },
      },
      "Type": "AWS::S3::BucketPolicy",
    },
    "LogAnalyticsLogsTable3388531E": {
      "DependsOn": [
        "LogAnalyticsGlueDatabaseE7A272FA",
      ],
      "Properties": {
        "CatalogId": {
          "Ref": "AWS::AccountId",
        },
        "DatabaseName": "tidb_proxy_logs",
        "OpenTableFormatInput": {
          "IcebergInput": {
            "MetadataOperation": "CREATE",
            "Version": "2",
          },
        },
        "TableInput": {
          "Name": "logs",
          "StorageDescriptor": {
            "Columns": [
              {
                "Name": "ts",
                "Type": "string",
              },
              {
                "Name": "log_type",
                "Type": "string",
              },
              {
                "Name": "level",
                "Type": "string",
              },
              {
                "Name": "message",
                "Type": "string",
              },
              {
                "Name": "client_ip",
                "Type": "string",
              },
              {
                "Name": "method",
                "Type": "string",
              },
              {
                "Name": "url",
                "Type": "string",
              },
              {
                "Name": "http_version",
                "Type": "string",
              },
              {
                "Name": "status",
                "Type": "int",
              },
              {
                "Name": "bytes_in",
                "Type": "bigint",
              },
              {
                "Name": "bytes_out",
                "Type": "bigint",
              },
              {
                "Name": "duration_ms",
                "Type": "bigint",
              },
              {
                "Name": "user_agent",
                "Type": "string",
              },
              {
                "Name": "squid_status",
                "Type": "string",
              },
              {
                "Name": "hier_status",
                "Type": "string",
              },
            ],
            "Location": {
              "Fn::Join": [
                "",
                [
                  "s3://",
                  {
                    "Ref": "LogAnalyticsLogsBucket18E6FEA3",
                  },
                  "/iceberg/logs",
                ],
              ],
            },
          },
          "TableType": "EXTERNAL_TABLE",
        },
      },
      "Type": "AWS::Glue::Table",
    },
    "LogAnalyticsRecentActivityQuery347E60B8": {
      "DependsOn": [
        "LogAnalyticsWorkGroupFB93F96A",
      ],
      "Properties": {
        "Database": "tidb_proxy_logs",
        "Description": "直近のアクティビティ (squid アクセス + forwarder イベント)。ECS ヘルスチェックのノイズを除外。時刻は JST",
        "Name": "recent-activity",
        "QueryString": "SELECT format_datetime(from_iso8601_timestamp(ts) AT TIME ZONE 'Asia/Tokyo', 'yyyy-MM-dd HH:mm:ss') AS ts_jst,
       log_type,
       coalesce(message, method || ' ' || url) AS event,
       status, duration_ms, bytes_in, bytes_out
FROM logs
WHERE client_ip IS DISTINCT FROM '127.0.0.1'
ORDER BY ts DESC
LIMIT 100",
        "WorkGroup": "tidb-proxy-logs",
      },
      "Type": "AWS::Athena::NamedQuery",
    },
    "LogAnalyticsVacuumExecutionLogGroup6F771A73": {
      "DeletionPolicy": "Delete",
      "Properties": {
        "LogGroupName": "/aws/vendedlogs/states/tidb-proxy-logs-vacuum",
        "RetentionInDays": 14,
      },
      "Type": "AWS::Logs::LogGroup",
      "UpdateReplacePolicy": "Delete",
    },
    "LogAnalyticsVacuumSchedule551BE73F": {
      "Properties": {
        "Description": "Run Athena VACUUM for the tidb-proxy Iceberg logs table",
        "Name": "tidb-proxy-logs-vacuum",
        "ScheduleExpression": "cron(0 18 * * ? *)",
        "State": "ENABLED",
        "Targets": [
          {
            "Arn": {
              "Ref": "LogAnalyticsVacuumStateMachine1495758E",
            },
            "Id": "Target0",
            "RetryPolicy": {
              "MaximumRetryAttempts": 0,
            },
            "RoleArn": {
              "Fn::GetAtt": [
                "LogAnalyticsVacuumStateMachineEventsRoleA407EB0A",
                "Arn",
              ],
            },
          },
        ],
      },
      "Type": "AWS::Events::Rule",
    },
    "LogAnalyticsVacuumStateMachine1495758E": {
      "DeletionPolicy": "Delete",
      "DependsOn": [
        "LogAnalyticsLogsTable3388531E",
        "LogAnalyticsVacuumStateMachineRoleDefaultPolicyB2EB6BD0",
        "LogAnalyticsVacuumStateMachineRoleB3DF2E3C",
        "LogAnalyticsWorkGroupFB93F96A",
      ],
      "Properties": {
        "DefinitionString": {
          "Fn::Join": [
            "",
            [
              "{"StartAt":"VacuumQuery","States":{"VacuumQuery":{"End":true,"Type":"Task","TimeoutSeconds":18000,"Resource":"arn:",
              {
                "Ref": "AWS::Partition",
              },
              ":states:::athena:startQueryExecution.sync","Parameters":{"QueryString":"VACUUM tidb_proxy_logs.logs","QueryExecutionContext":{"Database":"tidb_proxy_logs"},"ResultConfiguration":{"OutputLocation":"s3://",
              {
                "Ref": "LogAnalyticsLogsBucket18E6FEA3",
              },
              "/athena-results/vacuum/"},"WorkGroup":"tidb-proxy-logs"}}},"TimeoutSeconds":18000}",
            ],
          ],
        },
        "LoggingConfiguration": {
          "Destinations": [
            {
              "CloudWatchLogsLogGroup": {
                "LogGroupArn": {
                  "Fn::GetAtt": [
                    "LogAnalyticsVacuumExecutionLogGroup6F771A73",
                    "Arn",
                  ],
                },
              },
            },
          ],
          "IncludeExecutionData": true,
          "Level": "ALL",
        },
        "RoleArn": {
          "Fn::GetAtt": [
            "LogAnalyticsVacuumStateMachineRoleB3DF2E3C",
            "Arn",
          ],
        },
        "StateMachineName": "tidb-proxy-logs-vacuum",
        "StateMachineType": "STANDARD",
        "TracingConfiguration": {
          "Enabled": true,
        },
      },
      "Type": "AWS::StepFunctions::StateMachine",
      "UpdateReplacePolicy": "Delete",
    },
    "LogAnalyticsVacuumStateMachineEventsRoleA407EB0A": {
      "DependsOn": [
        "LogAnalyticsLogsTable3388531E",
        "LogAnalyticsWorkGroupFB93F96A",
      ],
      "Properties": {
        "AssumeRolePolicyDocument": {
          "Statement": [
            {
              "Action": "sts:AssumeRole",
              "Effect": "Allow",
              "Principal": {
                "Service": "events.amazonaws.com",
              },
            },
          ],
          "Version": "2012-10-17",
        },
      },
      "Type": "AWS::IAM::Role",
    },
    "LogAnalyticsVacuumStateMachineEventsRoleDefaultPolicyAB0F9026": {
      "DependsOn": [
        "LogAnalyticsLogsTable3388531E",
        "LogAnalyticsWorkGroupFB93F96A",
      ],
      "Properties": {
        "PolicyDocument": {
          "Statement": [
            {
              "Action": "states:StartExecution",
              "Effect": "Allow",
              "Resource": {
                "Ref": "LogAnalyticsVacuumStateMachine1495758E",
              },
            },
          ],
          "Version": "2012-10-17",
        },
        "PolicyName": "LogAnalyticsVacuumStateMachineEventsRoleDefaultPolicyAB0F9026",
        "Roles": [
          {
            "Ref": "LogAnalyticsVacuumStateMachineEventsRoleA407EB0A",
          },
        ],
      },
      "Type": "AWS::IAM::Policy",
    },
    "LogAnalyticsVacuumStateMachineRoleB3DF2E3C": {
      "DependsOn": [
        "LogAnalyticsLogsTable3388531E",
        "LogAnalyticsWorkGroupFB93F96A",
      ],
      "Properties": {
        "AssumeRolePolicyDocument": {
          "Statement": [
            {
              "Action": "sts:AssumeRole",
              "Effect": "Allow",
              "Principal": {
                "Service": "states.amazonaws.com",
              },
            },
          ],
          "Version": "2012-10-17",
        },
      },
      "Type": "AWS::IAM::Role",
    },
    "LogAnalyticsVacuumStateMachineRoleDefaultPolicyB2EB6BD0": {
      "DependsOn": [
        "LogAnalyticsLogsTable3388531E",
        "LogAnalyticsWorkGroupFB93F96A",
      ],
      "Properties": {
        "PolicyDocument": {
          "Statement": [
            {
              "Action": [
                "athena:getDataCatalog",
                "athena:startQueryExecution",
                "athena:getQueryExecution",
              ],
              "Effect": "Allow",
              "Resource": [
                {
                  "Fn::Join": [
                    "",
                    [
                      "arn:",
                      {
                        "Ref": "AWS::Partition",
                      },
                      ":athena:ap-northeast-1:123456789012:datacatalog/AwsDataCatalog",
                    ],
                  ],
                },
                {
                  "Fn::Join": [
                    "",
                    [
                      "arn:",
                      {
                        "Ref": "AWS::Partition",
                      },
                      ":athena:ap-northeast-1:123456789012:workgroup/tidb-proxy-logs",
                    ],
                  ],
                },
              ],
            },
            {
              "Action": [
                "s3:CreateBucket",
                "s3:ListBucket",
                "s3:GetBucketLocation",
                "s3:GetObject",
              ],
              "Effect": "Allow",
              "Resource": "*",
            },
            {
              "Action": [
                "s3:AbortMultipartUpload",
                "s3:ListBucketMultipartUploads",
                "s3:ListMultipartUploadParts",
                "s3:PutObject",
              ],
              "Effect": "Allow",
              "Resource": {
                "Fn::Join": [
                  "",
                  [
                    "arn:",
                    {
                      "Ref": "AWS::Partition",
                    },
                    ":s3:::",
                    {
                      "Ref": "LogAnalyticsLogsBucket18E6FEA3",
                    },
                    "/athena-results/vacuum/*",
                  ],
                ],
              },
            },
            {
              "Action": "lakeformation:GetDataAccess",
              "Effect": "Allow",
              "Resource": "*",
            },
            {
              "Action": [
                "glue:BatchCreatePartition",
                "glue:BatchDeletePartition",
                "glue:BatchDeleteTable",
                "glue:BatchGetPartition",
                "glue:CreateDatabase",
                "glue:CreatePartition",
                "glue:CreateTable",
                "glue:DeleteDatabase",
                "glue:DeletePartition",
                "glue:DeleteTable",
                "glue:GetDatabase",
                "glue:GetDatabases",
                "glue:GetPartition",
                "glue:GetPartitions",
                "glue:GetTable",
                "glue:GetTables",
                "glue:UpdateDatabase",
                "glue:UpdatePartition",
                "glue:UpdateTable",
              ],
              "Effect": "Allow",
              "Resource": [
                {
                  "Fn::Join": [
                    "",
                    [
                      "arn:",
                      {
                        "Ref": "AWS::Partition",
                      },
                      ":glue:ap-northeast-1:123456789012:catalog",
                    ],
                  ],
                },
                {
                  "Fn::Join": [
                    "",
                    [
                      "arn:",
                      {
                        "Ref": "AWS::Partition",
                      },
                      ":glue:ap-northeast-1:123456789012:database/tidb_proxy_logs",
                    ],
                  ],
                },
                {
                  "Fn::Join": [
                    "",
                    [
                      "arn:",
                      {
                        "Ref": "AWS::Partition",
                      },
                      ":glue:ap-northeast-1:123456789012:table/tidb_proxy_logs/*",
                    ],
                  ],
                },
                {
                  "Fn::Join": [
                    "",
                    [
                      "arn:",
                      {
                        "Ref": "AWS::Partition",
                      },
                      ":glue:ap-northeast-1:123456789012:userDefinedFunction/tidb_proxy_logs/*",
                    ],
                  ],
                },
              ],
            },
            {
              "Action": [
                "logs:CreateLogDelivery",
                "logs:GetLogDelivery",
                "logs:UpdateLogDelivery",
                "logs:DeleteLogDelivery",
                "logs:ListLogDeliveries",
                "logs:PutResourcePolicy",
                "logs:DescribeResourcePolicies",
                "logs:DescribeLogGroups",
              ],
              "Effect": "Allow",
              "Resource": "*",
            },
            {
              "Action": [
                "xray:PutTraceSegments",
                "xray:PutTelemetryRecords",
                "xray:GetSamplingRules",
                "xray:GetSamplingTargets",
              ],
              "Effect": "Allow",
              "Resource": "*",
            },
            {
              "Action": "s3:PutObject",
              "Effect": "Allow",
              "Resource": {
                "Fn::Join": [
                  "",
                  [
                    {
                      "Fn::GetAtt": [
                        "LogAnalyticsLogsBucket18E6FEA3",
                        "Arn",
                      ],
                    },
                    "/iceberg/logs/metadata/*",
                  ],
                ],
              },
            },
            {
              "Action": "s3:DeleteObject*",
              "Effect": "Allow",
              "Resource": {
                "Fn::Join": [
                  "",
                  [
                    {
                      "Fn::GetAtt": [
                        "LogAnalyticsLogsBucket18E6FEA3",
                        "Arn",
                      ],
                    },
                    "/*",
                  ],
                ],
              },
            },
          ],
          "Version": "2012-10-17",
        },
        "PolicyName": "LogAnalyticsVacuumStateMachineRoleDefaultPolicyB2EB6BD0",
        "Roles": [
          {
            "Ref": "LogAnalyticsVacuumStateMachineRoleB3DF2E3C",
          },
        ],
      },
      "Type": "AWS::IAM::Policy",
    },
    "LogAnalyticsWorkGroupFB93F96A": {
      "Properties": {
        "Name": "tidb-proxy-logs",
        "RecursiveDeleteOption": true,
        "WorkGroupConfiguration": {
          "EnforceWorkGroupConfiguration": true,
          "EngineVersion": {
            "SelectedEngineVersion": "Athena engine version 3",
          },
          "PublishCloudWatchMetricsEnabled": true,
          "ResultConfiguration": {
            "EncryptionConfiguration": {
              "EncryptionOption": "SSE_S3",
            },
            "OutputLocation": {
              "Fn::Join": [
                "",
                [
                  "s3://",
                  {
                    "Ref": "LogAnalyticsLogsBucket18E6FEA3",
                  },
                  "/athena-results/",
                ],
              ],
            },
          },
        },
      },
      "Type": "AWS::Athena::WorkGroup",
    },
  },
  "Rules": {
    "CheckBootstrapVersion": {
      "Assertions": [
        {
          "Assert": {
            "Fn::Not": [
              {
                "Fn::Contains": [
                  [
                    "1",
                    "2",
                    "3",
                    "4",
                    "5",
                  ],
                  {
                    "Ref": "BootstrapVersion",
                  },
                ],
              },
            ],
          },
          "AssertDescription": "CDK bootstrap stack version 6 required. Please run 'cdk bootstrap' with a recent version of the CDK CLI.",
        },
      ],
    },
  },
}
`;
